{
    "test-dataset_kallisto_aligner": {
        "content": [
            5,
            {
                "GTF_GENE_FILTER": {
                    "python": "3.14.5"
                }
            },
            [
                "fastqc",
                "fastqc/Sample_X_1_fastqc.html",
                "fastqc/Sample_X_1_fastqc.zip",
                "fastqc/Sample_X_2_fastqc.html",
                "fastqc/Sample_X_2_fastqc.zip",
                "fastqc/Sample_Y_1_fastqc.html",
                "fastqc/Sample_Y_1_fastqc.zip",
                "fastqc/Sample_Y_2_fastqc.html",
                "fastqc/Sample_Y_2_fastqc.zip",
                "fastqc/Sample_Y_3_fastqc.html",
                "fastqc/Sample_Y_3_fastqc.zip",
                "fastqc/Sample_Y_4_fastqc.html",
                "fastqc/Sample_Y_4_fastqc.zip",
                "kallisto",
                "kallisto/Sample_X.count",
                "kallisto/Sample_X.count/10x_version2_whitelist.txt",
                "kallisto/Sample_X.count/counts_filtered",
                "kallisto/Sample_X.count/counts_filtered/cells_x_genes.barcodes.txt",
                "kallisto/Sample_X.count/counts_filtered/cells_x_genes.genes.names.txt",
                "kallisto/Sample_X.count/counts_filtered/cells_x_genes.genes.txt",
                "kallisto/Sample_X.count/counts_filtered/cells_x_genes.mtx",
                "kallisto/Sample_X.count/counts_unfiltered",
                "kallisto/Sample_X.count/counts_unfiltered/cells_x_genes.barcodes.txt",
                "kallisto/Sample_X.count/counts_unfiltered/cells_x_genes.genes.names.txt",
                "kallisto/Sample_X.count/counts_unfiltered/cells_x_genes.genes.txt",
                "kallisto/Sample_X.count/counts_unfiltered/cells_x_genes.mtx",
                "kallisto/Sample_X.count/filter_barcodes.txt",
                "kallisto/Sample_X.count/inspect.json",
                "kallisto/Sample_X.count/kb_info.json",
                "kallisto/Sample_X.count/matrix.ec",
                "kallisto/Sample_X.count/output.bus",
                "kallisto/Sample_X.count/output.filtered.bus",
                "kallisto/Sample_X.count/output.unfiltered.bus",
                "kallisto/Sample_X.count/run_info.json",
                "kallisto/Sample_X.count/transcripts.txt",
                "pipeline_info",
                "pipeline_info/nf_core_scrnaseq_software_mqc_versions.yml"
            ],
            [
                "10x_version2_whitelist.txt:md5,f62a276e262fdd85262a889d0f48556b",
                "cells_x_genes.barcodes.txt:md5,9e456448a0d4da992d4ca89987c1feba",
                "cells_x_genes.genes.names.txt:md5,a27831417ff4ed049d5b46012b270f4d",
                "cells_x_genes.genes.txt:md5,acd9d00120f52031974b2add3e7521b6",
                "cells_x_genes.mtx:md5,6cf18c72ed8d4f96e4f01d2bf637f962",
                "cells_x_genes.barcodes.txt:md5,72d78bb1c1ee7cb174520b30f695aa48",
                "cells_x_genes.genes.names.txt:md5,a27831417ff4ed049d5b46012b270f4d",
                "cells_x_genes.genes.txt:md5,acd9d00120f52031974b2add3e7521b6",
                "cells_x_genes.mtx:md5,894d60da192e3788de11fa8fc1fa711d",
                "filter_barcodes.txt:md5,e411047c257b0a84656427aeca228bd4",
                "transcripts.txt:md5,da62746af800837deb91b829ea67c05d"
            ]
        ],
        "timestamp": "2026-07-09T08:03:35.921536",
        "meta": {
            "nf-test": "0.9.5",
            "nextflow": "26.04.4"
        }
    }
}