{
    "test-dataset_kallisto_aligner": {
        "content": [
            "cells_x_genes.barcodes.txt:md5,72d78bb1c1ee7cb174520b30f695aa48",
            "cells_x_genes.genes.txt:md5,acd9d00120f52031974b2add3e7521b6",
            "cells_x_genes.mtx:md5,894d60da192e3788de11fa8fc1fa711d",
            "cells_x_genes.barcodes.txt:md5,a8cf7ea4b2d075296a94bf066a64b7a4",
            "cells_x_genes.genes.txt:md5,acd9d00120f52031974b2add3e7521b6",
            "cells_x_genes.mtx:md5,abd83de117204d0a77df3c92d00cc025",
            "Sample_X_raw_matrix.seurat.rds:md5,2e93382c175b6b4f4a94e3a88f8a7190",
            "Sample_X_raw_matrix.sce.rds:md5,27069a3772fbe4f6577d7ec0ddf29666",
            "Sample_Y_raw_matrix.seurat.rds:md5,74f16124176dee919ca91d9890254b39",
            "Sample_Y_raw_matrix.sce.rds:md5,584e0a2dc64798bc8a4e5a070d8a90bc"
        ],
        "meta": {
            "nf-test": "0.9.0",
            "nextflow": "24.10.1"
        },
        "timestamp": "2024-11-26T11:00:26.349961551"
    }
}
