{
    "test-dataset_cellrangerarc_aligner": {
        "content": [
            14,
            {
                "CELLRANGERARC_COUNT": {
                    "cellrangerarc": "2.0.2"
                },
                "CELLRANGERARC_MKGTF": {
                    "cellrangerarc": "2.0.2"
                },
                "CELLRANGERARC_MKREF": {
                    "cellrangerarc": "2.0.2"
                },
                "FASTQC": {
                    "fastqc": "0.12.1"
                },
                "MTX_TO_H5AD": {
                    "anndata": "0.10.8",
                    "pandas": "2.2.2",
                    "python": "3.12.5",
                    "scanpy": "1.10.2"
                }
            },
            [
                "cellrangerarc",
                "cellrangerarc/count",
                "cellrangerarc/count/10k_PBMC",
                "cellrangerarc/count/10k_PBMC/outs",
                "cellrangerarc/count/10k_PBMC/outs/analysis",
                "cellrangerarc/count/10k_PBMC/outs/analysis/clustering",
                "cellrangerarc/count/10k_PBMC/outs/analysis/clustering/atac",
                "cellrangerarc/count/10k_PBMC/outs/analysis/clustering/atac/graphclust",
                "cellrangerarc/count/10k_PBMC/outs/analysis/clustering/atac/graphclust/clusters.csv",
                "cellrangerarc/count/10k_PBMC/outs/analysis/clustering/atac/graphclust/differential_expression.csv",
                "cellrangerarc/count/10k_PBMC/outs/analysis/clustering/atac/kmeans_2_clusters",
                "cellrangerarc/count/10k_PBMC/outs/analysis/clustering/atac/kmeans_2_clusters/clusters.csv",
                "cellrangerarc/count/10k_PBMC/outs/analysis/clustering/atac/kmeans_2_clusters/differential_expression.csv",
                "cellrangerarc/count/10k_PBMC/outs/analysis/clustering/atac/kmeans_3_clusters",
                "cellrangerarc/count/10k_PBMC/outs/analysis/clustering/atac/kmeans_3_clusters/clusters.csv",
                "cellrangerarc/count/10k_PBMC/outs/analysis/clustering/atac/kmeans_3_clusters/differential_expression.csv",
                "cellrangerarc/count/10k_PBMC/outs/analysis/clustering/atac/kmeans_4_clusters",
                "cellrangerarc/count/10k_PBMC/outs/analysis/clustering/atac/kmeans_4_clusters/clusters.csv",
                "cellrangerarc/count/10k_PBMC/outs/analysis/clustering/atac/kmeans_4_clusters/differential_expression.csv",
                "cellrangerarc/count/10k_PBMC/outs/analysis/clustering/gex",
                "cellrangerarc/count/10k_PBMC/outs/analysis/clustering/gex/graphclust",
                "cellrangerarc/count/10k_PBMC/outs/analysis/clustering/gex/graphclust/clusters.csv",
                "cellrangerarc/count/10k_PBMC/outs/analysis/clustering/gex/graphclust/differential_expression.csv",
                "cellrangerarc/count/10k_PBMC/outs/analysis/clustering/gex/kmeans_2_clusters",
                "cellrangerarc/count/10k_PBMC/outs/analysis/clustering/gex/kmeans_2_clusters/clusters.csv",
                "cellrangerarc/count/10k_PBMC/outs/analysis/clustering/gex/kmeans_2_clusters/differential_expression.csv",
                "cellrangerarc/count/10k_PBMC/outs/analysis/clustering/gex/kmeans_3_clusters",
                "cellrangerarc/count/10k_PBMC/outs/analysis/clustering/gex/kmeans_3_clusters/clusters.csv",
                "cellrangerarc/count/10k_PBMC/outs/analysis/clustering/gex/kmeans_3_clusters/differential_expression.csv",
                "cellrangerarc/count/10k_PBMC/outs/analysis/clustering/gex/kmeans_4_clusters",
                "cellrangerarc/count/10k_PBMC/outs/analysis/clustering/gex/kmeans_4_clusters/clusters.csv",
                "cellrangerarc/count/10k_PBMC/outs/analysis/clustering/gex/kmeans_4_clusters/differential_expression.csv",
                "cellrangerarc/count/10k_PBMC/outs/analysis/dimensionality_reduction",
                "cellrangerarc/count/10k_PBMC/outs/analysis/dimensionality_reduction/atac",
                "cellrangerarc/count/10k_PBMC/outs/analysis/dimensionality_reduction/atac/lsa_components.csv",
                "cellrangerarc/count/10k_PBMC/outs/analysis/dimensionality_reduction/atac/lsa_dispersion.csv",
                "cellrangerarc/count/10k_PBMC/outs/analysis/dimensionality_reduction/atac/lsa_features_selected.csv",
                "cellrangerarc/count/10k_PBMC/outs/analysis/dimensionality_reduction/atac/lsa_projection.csv",
                "cellrangerarc/count/10k_PBMC/outs/analysis/dimensionality_reduction/atac/lsa_variance.csv",
                "cellrangerarc/count/10k_PBMC/outs/analysis/dimensionality_reduction/atac/tsne_projection.csv",
                "cellrangerarc/count/10k_PBMC/outs/analysis/dimensionality_reduction/atac/umap_projection.csv",
                "cellrangerarc/count/10k_PBMC/outs/analysis/dimensionality_reduction/gex",
                "cellrangerarc/count/10k_PBMC/outs/analysis/dimensionality_reduction/gex/pca_components.csv",
                "cellrangerarc/count/10k_PBMC/outs/analysis/dimensionality_reduction/gex/pca_dispersion.csv",
                "cellrangerarc/count/10k_PBMC/outs/analysis/dimensionality_reduction/gex/pca_features_selected.csv",
                "cellrangerarc/count/10k_PBMC/outs/analysis/dimensionality_reduction/gex/pca_projection.csv",
                "cellrangerarc/count/10k_PBMC/outs/analysis/dimensionality_reduction/gex/pca_variance.csv",
                "cellrangerarc/count/10k_PBMC/outs/analysis/dimensionality_reduction/gex/tsne_projection.csv",
                "cellrangerarc/count/10k_PBMC/outs/analysis/dimensionality_reduction/gex/umap_projection.csv",
                "cellrangerarc/count/10k_PBMC/outs/atac_cut_sites.bigwig",
                "cellrangerarc/count/10k_PBMC/outs/atac_fragments.tsv.gz",
                "cellrangerarc/count/10k_PBMC/outs/atac_fragments.tsv.gz.tbi",
                "cellrangerarc/count/10k_PBMC/outs/atac_peak_annotation.tsv",
                "cellrangerarc/count/10k_PBMC/outs/atac_peaks.bed",
                "cellrangerarc/count/10k_PBMC/outs/atac_possorted_bam.bam",
                "cellrangerarc/count/10k_PBMC/outs/atac_possorted_bam.bam.bai",
                "cellrangerarc/count/10k_PBMC/outs/filtered_feature_bc_matrix",
                "cellrangerarc/count/10k_PBMC/outs/filtered_feature_bc_matrix.h5",
                "cellrangerarc/count/10k_PBMC/outs/filtered_feature_bc_matrix/barcodes.tsv.gz",
                "cellrangerarc/count/10k_PBMC/outs/filtered_feature_bc_matrix/features.tsv.gz",
                "cellrangerarc/count/10k_PBMC/outs/filtered_feature_bc_matrix/matrix.mtx.gz",
                "cellrangerarc/count/10k_PBMC/outs/gex_molecule_info.h5",
                "cellrangerarc/count/10k_PBMC/outs/gex_possorted_bam.bam",
                "cellrangerarc/count/10k_PBMC/outs/gex_possorted_bam.bam.bai",
                "cellrangerarc/count/10k_PBMC/outs/per_barcode_metrics.csv",
                "cellrangerarc/count/10k_PBMC/outs/raw_feature_bc_matrix",
                "cellrangerarc/count/10k_PBMC/outs/raw_feature_bc_matrix.h5",
                "cellrangerarc/count/10k_PBMC/outs/raw_feature_bc_matrix/barcodes.tsv.gz",
                "cellrangerarc/count/10k_PBMC/outs/raw_feature_bc_matrix/features.tsv.gz",
                "cellrangerarc/count/10k_PBMC/outs/raw_feature_bc_matrix/matrix.mtx.gz",
                "cellrangerarc/count/10k_PBMC/outs/summary.csv",
                "cellrangerarc/count/10k_PBMC/outs/web_summary.html",
                "cellrangerarc/count/10k_PBMC_lib.csv",
                "cellrangerarc/count/versions.yml",
                "cellrangerarc/mkgtf",
                "cellrangerarc/mkgtf/genome_genes.filtered.gtf",
                "cellrangerarc/mkref",
                "cellrangerarc/mkref/cellrangerarc_reference",
                "cellrangerarc/mkref/cellrangerarc_reference/fasta",
                "cellrangerarc/mkref/cellrangerarc_reference/fasta/genome.fa",
                "cellrangerarc/mkref/cellrangerarc_reference/fasta/genome.fa.amb",
                "cellrangerarc/mkref/cellrangerarc_reference/fasta/genome.fa.ann",
                "cellrangerarc/mkref/cellrangerarc_reference/fasta/genome.fa.bwt",
                "cellrangerarc/mkref/cellrangerarc_reference/fasta/genome.fa.fai",
                "cellrangerarc/mkref/cellrangerarc_reference/fasta/genome.fa.pac",
                "cellrangerarc/mkref/cellrangerarc_reference/fasta/genome.fa.sa",
                "cellrangerarc/mkref/cellrangerarc_reference/genes",
                "cellrangerarc/mkref/cellrangerarc_reference/genes/genes.gtf.gz",
                "cellrangerarc/mkref/cellrangerarc_reference/reference.json",
                "cellrangerarc/mkref/cellrangerarc_reference/regions",
                "cellrangerarc/mkref/cellrangerarc_reference/regions/transcripts.bed",
                "cellrangerarc/mkref/cellrangerarc_reference/regions/tss.bed",
                "cellrangerarc/mkref/cellrangerarc_reference/star",
                "cellrangerarc/mkref/cellrangerarc_reference/star/Genome",
                "cellrangerarc/mkref/cellrangerarc_reference/star/SA",
                "cellrangerarc/mkref/cellrangerarc_reference/star/SAindex",
                "cellrangerarc/mkref/cellrangerarc_reference/star/chrLength.txt",
                "cellrangerarc/mkref/cellrangerarc_reference/star/chrName.txt",
                "cellrangerarc/mkref/cellrangerarc_reference/star/chrNameLength.txt",
                "cellrangerarc/mkref/cellrangerarc_reference/star/chrStart.txt",
                "cellrangerarc/mkref/cellrangerarc_reference/star/exonGeTrInfo.tab",
                "cellrangerarc/mkref/cellrangerarc_reference/star/exonInfo.tab",
                "cellrangerarc/mkref/cellrangerarc_reference/star/geneInfo.tab",
                "cellrangerarc/mkref/cellrangerarc_reference/star/genomeParameters.txt",
                "cellrangerarc/mkref/cellrangerarc_reference/star/sjdbInfo.txt",
                "cellrangerarc/mkref/cellrangerarc_reference/star/sjdbList.fromGTF.out.tab",
                "cellrangerarc/mkref/cellrangerarc_reference/star/sjdbList.out.tab",
                "cellrangerarc/mkref/cellrangerarc_reference/star/transcriptInfo.tab",
                "cellrangerarc/mkref/config",
                "cellrangerarc/mkref/versions.yml",
                "cellrangerarc/mtx_conversions",
                "cellrangerarc/mtx_conversions/10k_PBMC",
                "cellrangerarc/mtx_conversions/10k_PBMC/10k_PBMC_filtered_matrix.h5ad",
                "cellrangerarc/mtx_conversions/10k_PBMC/10k_PBMC_filtered_matrix.sce.rds",
                "cellrangerarc/mtx_conversions/10k_PBMC/10k_PBMC_filtered_matrix.seurat.rds",
                "cellrangerarc/mtx_conversions/10k_PBMC/10k_PBMC_raw_matrix.h5ad",
                "cellrangerarc/mtx_conversions/10k_PBMC/10k_PBMC_raw_matrix.sce.rds",
                "cellrangerarc/mtx_conversions/10k_PBMC/10k_PBMC_raw_matrix.seurat.rds",
                "cellrangerarc/mtx_conversions/combined_filtered_matrix.h5ad",
                "cellrangerarc/mtx_conversions/combined_filtered_matrix.sce.rds",
                "cellrangerarc/mtx_conversions/combined_filtered_matrix.seurat.rds",
                "cellrangerarc/mtx_conversions/combined_raw_matrix.h5ad",
                "cellrangerarc/mtx_conversions/combined_raw_matrix.sce.rds",
                "cellrangerarc/mtx_conversions/combined_raw_matrix.seurat.rds",
                "fastqc",
                "fastqc/10k_PBMC_1_fastqc.html",
                "fastqc/10k_PBMC_1_fastqc.zip",
                "fastqc/10k_PBMC_2_fastqc.html",
                "fastqc/10k_PBMC_2_fastqc.zip",
                "fastqc/10k_PBMC_3_fastqc.html",
                "fastqc/10k_PBMC_3_fastqc.zip",
                "fastqc/10k_PBMC_4_fastqc.html",
                "fastqc/10k_PBMC_4_fastqc.zip",
                "fastqc/10k_PBMC_5_fastqc.html",
                "fastqc/10k_PBMC_5_fastqc.zip",
                "multiqc",
                "multiqc/multiqc_data",
                "multiqc/multiqc_data/fastqc-status-check-heatmap.txt",
                "multiqc/multiqc_data/fastqc_adapter_content_plot.txt",
                "multiqc/multiqc_data/fastqc_overrepresented_sequences_plot.txt",
                "multiqc/multiqc_data/fastqc_per_base_n_content_plot.txt",
                "multiqc/multiqc_data/fastqc_per_base_sequence_quality_plot.txt",
                "multiqc/multiqc_data/fastqc_per_sequence_gc_content_plot_Counts.txt",
                "multiqc/multiqc_data/fastqc_per_sequence_gc_content_plot_Percentages.txt",
                "multiqc/multiqc_data/fastqc_per_sequence_quality_scores_plot.txt",
                "multiqc/multiqc_data/fastqc_sequence_counts_plot.txt",
                "multiqc/multiqc_data/fastqc_sequence_duplication_levels_plot.txt",
                "multiqc/multiqc_data/fastqc_top_overrepresented_sequences_table.txt",
                "multiqc/multiqc_data/llms-full.txt",
                "multiqc/multiqc_data/multiqc.log",
                "multiqc/multiqc_data/multiqc.parquet",
                "multiqc/multiqc_data/multiqc_citations.txt",
                "multiqc/multiqc_data/multiqc_data.json",
                "multiqc/multiqc_data/multiqc_fastqc.txt",
                "multiqc/multiqc_data/multiqc_general_stats.txt",
                "multiqc/multiqc_data/multiqc_software_versions.txt",
                "multiqc/multiqc_data/multiqc_sources.txt",
                "multiqc/multiqc_plots",
                "multiqc/multiqc_plots/pdf",
                "multiqc/multiqc_plots/pdf/fastqc-status-check-heatmap.pdf",
                "multiqc/multiqc_plots/pdf/fastqc_adapter_content_plot.pdf",
                "multiqc/multiqc_plots/pdf/fastqc_overrepresented_sequences_plot.pdf",
                "multiqc/multiqc_plots/pdf/fastqc_per_base_n_content_plot.pdf",
                "multiqc/multiqc_plots/pdf/fastqc_per_base_sequence_quality_plot.pdf",
                "multiqc/multiqc_plots/pdf/fastqc_per_sequence_gc_content_plot_Counts.pdf",
                "multiqc/multiqc_plots/pdf/fastqc_per_sequence_gc_content_plot_Percentages.pdf",
                "multiqc/multiqc_plots/pdf/fastqc_per_sequence_quality_scores_plot.pdf",
                "multiqc/multiqc_plots/pdf/fastqc_sequence_counts_plot-cnt.pdf",
                "multiqc/multiqc_plots/pdf/fastqc_sequence_counts_plot-pct.pdf",
                "multiqc/multiqc_plots/pdf/fastqc_sequence_duplication_levels_plot.pdf",
                "multiqc/multiqc_plots/pdf/fastqc_top_overrepresented_sequences_table.pdf",
                "multiqc/multiqc_plots/png",
                "multiqc/multiqc_plots/png/fastqc-status-check-heatmap.png",
                "multiqc/multiqc_plots/png/fastqc_adapter_content_plot.png",
                "multiqc/multiqc_plots/png/fastqc_overrepresented_sequences_plot.png",
                "multiqc/multiqc_plots/png/fastqc_per_base_n_content_plot.png",
                "multiqc/multiqc_plots/png/fastqc_per_base_sequence_quality_plot.png",
                "multiqc/multiqc_plots/png/fastqc_per_sequence_gc_content_plot_Counts.png",
                "multiqc/multiqc_plots/png/fastqc_per_sequence_gc_content_plot_Percentages.png",
                "multiqc/multiqc_plots/png/fastqc_per_sequence_quality_scores_plot.png",
                "multiqc/multiqc_plots/png/fastqc_sequence_counts_plot-cnt.png",
                "multiqc/multiqc_plots/png/fastqc_sequence_counts_plot-pct.png",
                "multiqc/multiqc_plots/png/fastqc_sequence_duplication_levels_plot.png",
                "multiqc/multiqc_plots/png/fastqc_top_overrepresented_sequences_table.png",
                "multiqc/multiqc_plots/svg",
                "multiqc/multiqc_plots/svg/fastqc-status-check-heatmap.svg",
                "multiqc/multiqc_plots/svg/fastqc_adapter_content_plot.svg",
                "multiqc/multiqc_plots/svg/fastqc_overrepresented_sequences_plot.svg",
                "multiqc/multiqc_plots/svg/fastqc_per_base_n_content_plot.svg",
                "multiqc/multiqc_plots/svg/fastqc_per_base_sequence_quality_plot.svg",
                "multiqc/multiqc_plots/svg/fastqc_per_sequence_gc_content_plot_Counts.svg",
                "multiqc/multiqc_plots/svg/fastqc_per_sequence_gc_content_plot_Percentages.svg",
                "multiqc/multiqc_plots/svg/fastqc_per_sequence_quality_scores_plot.svg",
                "multiqc/multiqc_plots/svg/fastqc_sequence_counts_plot-cnt.svg",
                "multiqc/multiqc_plots/svg/fastqc_sequence_counts_plot-pct.svg",
                "multiqc/multiqc_plots/svg/fastqc_sequence_duplication_levels_plot.svg",
                "multiqc/multiqc_plots/svg/fastqc_top_overrepresented_sequences_table.svg",
                "multiqc/multiqc_report.html",
                "pipeline_info",
                "pipeline_info/nf_core_scrnaseq_software_mqc_versions.yml"
            ],
            [
                "atac_cut_sites.bigwig:md5,7114cf85657c09f92d5c3dbd32432759",
                "atac_peak_annotation.tsv:md5,bd800e4d0321a50f340a801ae18dafe8",
                "barcodes.tsv.gz:md5,b5499384bbd9ecbd448c90dd73d9e84c",
                "features.tsv.gz:md5,456af0e5fa4a7bcb3968400f300d12e9",
                "matrix.mtx.gz:md5,83c4b3e84668282fbe55d02d84256b3f",
                "barcodes.tsv.gz:md5,dc8ef24c54122529bdb2c7cd5969c805",
                "features.tsv.gz:md5,456af0e5fa4a7bcb3968400f300d12e9",
                "matrix.mtx.gz:md5,4b3aa16b720d414f5df50c533052d360",
                "versions.yml:md5,d345d055b9def0e0d4dd6cf0c1c4058c",
                "genome_genes.filtered.gtf:md5,4328009f62d38b9220dd941c1a66e480",
                "genome.fa:md5,69bd44ef67566a76d6cbb8aa4a25ae35",
                "genome.fa.amb:md5,fe9a4b4f263654a130bb314e282b00f1",
                "genome.fa.ann:md5,f8c1d6a2b91d1973a2f13e7221fc7e7a",
                "genome.fa.bwt:md5,06864ee01cac40ced661a350bee859cf",
                "genome.fa.fai:md5,74184d265bc96cb92ddfb71c3ce85c09",
                "genome.fa.pac:md5,cf76a4dbc5b8ae64fc890d6a95067b4f",
                "genome.fa.sa:md5,92f0b3e443220a57c2bd09f737e7dbc4",
                "genes.gtf.gz:md5,4328009f62d38b9220dd941c1a66e480",
                "transcripts.bed:md5,f9840436821172d8cef086cb6f3c27eb",
                "tss.bed:md5,d637f9650dc3862c932cd9996ace49f5",
                "Genome:md5,0aaebdafd448aeec403253cc47e15176",
                "SA:md5,362887f688b9dfa4db38cf94789a7146",
                "SAindex:md5,12b60be46a35439e94afbe3837c39caa",
                "chrLength.txt:md5,b0be0a56ddefa84552742c72d4859eac",
                "chrName.txt:md5,e99d7d1051eee43ceab5563c2d09fcee",
                "chrNameLength.txt:md5,c985a141685e8431ec27c782816cb744",
                "chrStart.txt:md5,6925b594ea2eeb964ba87cd6d42ab98f",
                "exonGeTrInfo.tab:md5,4df909658a0492ecbd3a06ce609e6321",
                "exonInfo.tab:md5,7cfa1b212f335c497705834a4c96cdcd",
                "geneInfo.tab:md5,ad1720994386644d3b1907433f4a5043",
                "sjdbInfo.txt:md5,dc4f3b4954bf8248aebcd823d97a4437",
                "sjdbList.fromGTF.out.tab:md5,0a0674059c3be4ccf69d572c9560f5d7",
                "sjdbList.out.tab:md5,be8b2978e8ac3a2c8266c798c7c34b90",
                "transcriptInfo.tab:md5,5a6ee447f3efac16042d8c99f653747b",
                "config:md5,055bd80c554d66120313c0500ff2f00d",
                "versions.yml:md5,e9926d37b6e80aa8cb9344ace558b449",
                "10k_PBMC_filtered_matrix.h5ad:md5,60b9311d46f756cd2b9fb737628713b3",
                "10k_PBMC_filtered_matrix.sce.rds:md5,359160d80821c5dbf1ebc7a88dbe8400",
                "10k_PBMC_filtered_matrix.seurat.rds:md5,ca44f68f2ea255bfd556c71a6b91423e",
                "10k_PBMC_raw_matrix.h5ad:md5,4ac50d4109bcccd1d82ed83fc00d7580",
                "10k_PBMC_raw_matrix.sce.rds:md5,196adfcb230f9ba9bb7d0aba36e7e261",
                "10k_PBMC_raw_matrix.seurat.rds:md5,8ff4d68d88a6a7e3528147e06aeaa4dd",
                "fastqc-status-check-heatmap.txt:md5,55b658eef7b63c6f8e3d559be41f5df8",
                "fastqc_adapter_content_plot.txt:md5,31ca16758049ac46cc84875ddc4ff6d3",
                "fastqc_overrepresented_sequences_plot.txt:md5,314754adfcfa2977ee4f61c2ec5444f2",
                "fastqc_per_base_n_content_plot.txt:md5,5cea53daa2ac7fdf01e7290e1f5dc764",
                "fastqc_per_base_sequence_quality_plot.txt:md5,8066f483d4946d88a07edc956c384b8e",
                "fastqc_per_sequence_gc_content_plot_Counts.txt:md5,aded058c8be315f19a9f6085dc2dc613",
                "fastqc_per_sequence_gc_content_plot_Percentages.txt:md5,b2f1be57919d6c6ef0fc10faf52e7ea6",
                "fastqc_per_sequence_quality_scores_plot.txt:md5,3b8687d636e80507480ef0389ad7c15c",
                "fastqc_sequence_counts_plot.txt:md5,432a9dc6985f0c898800f35d9631b3ca",
                "fastqc_sequence_duplication_levels_plot.txt:md5,e3437aa44086c949a4f4aed1e157975b",
                "multiqc_citations.txt:md5,4c806e63a283ec1b7e78cdae3a923d4f",
                "multiqc_fastqc.txt:md5,2cf29158d5f9928cf0564bb0cc2ced97",
                "multiqc_general_stats.txt:md5,fd84f94100989affc666904a2f34c40c"
            ]
        ],
        "meta": {
            "nf-test": "0.9.2",
            "nextflow": "25.04.6"
        },
        "timestamp": "2025-10-23T19:10:33.168539516"
    }
}