{
    "test-dataset_cellrangermulti_vdj_t_vdj_b_human": {
        "content": [
            7,
            {
                "CELLRANGER_MKGTF": {
                    "cellranger": "cellranger 10.0.0"
                },
                "CELLRANGER_MKREF": {
                    "cellranger": "cellranger 10.0.0"
                },
                "CELLRANGER_MULTI": {
                    "cellranger": "10.0.0"
                },
                "FASTQC": {
                    "fastqc": "0.12.1"
                },
                "GTF_GENE_FILTER": {
                    "python": "3.14.5"
                }
            },
            [
                "cellrangermulti",
                "cellrangermulti/count",
                "cellrangermulti/count/TCR_BCR",
                "cellrangermulti/count/TCR_BCR/outs",
                "cellrangermulti/count/TCR_BCR/outs/config.csv",
                "cellrangermulti/count/TCR_BCR/outs/per_sample_outs",
                "cellrangermulti/count/TCR_BCR/outs/per_sample_outs/TCR_BCR",
                "cellrangermulti/count/TCR_BCR/outs/per_sample_outs/TCR_BCR/metrics_summary.csv",
                "cellrangermulti/count/TCR_BCR/outs/per_sample_outs/TCR_BCR/vdj_b",
                "cellrangermulti/count/TCR_BCR/outs/per_sample_outs/TCR_BCR/vdj_b/airr_rearrangement.tsv",
                "cellrangermulti/count/TCR_BCR/outs/per_sample_outs/TCR_BCR/vdj_b/cell_barcodes.json",
                "cellrangermulti/count/TCR_BCR/outs/per_sample_outs/TCR_BCR/vdj_b/clonotypes.csv",
                "cellrangermulti/count/TCR_BCR/outs/per_sample_outs/TCR_BCR/vdj_b/concat_ref.bam",
                "cellrangermulti/count/TCR_BCR/outs/per_sample_outs/TCR_BCR/vdj_b/concat_ref.bam.bai",
                "cellrangermulti/count/TCR_BCR/outs/per_sample_outs/TCR_BCR/vdj_b/concat_ref.fasta",
                "cellrangermulti/count/TCR_BCR/outs/per_sample_outs/TCR_BCR/vdj_b/concat_ref.fasta.fai",
                "cellrangermulti/count/TCR_BCR/outs/per_sample_outs/TCR_BCR/vdj_b/consensus.bam",
                "cellrangermulti/count/TCR_BCR/outs/per_sample_outs/TCR_BCR/vdj_b/consensus.bam.bai",
                "cellrangermulti/count/TCR_BCR/outs/per_sample_outs/TCR_BCR/vdj_b/consensus.fasta",
                "cellrangermulti/count/TCR_BCR/outs/per_sample_outs/TCR_BCR/vdj_b/consensus.fasta.fai",
                "cellrangermulti/count/TCR_BCR/outs/per_sample_outs/TCR_BCR/vdj_b/consensus_annotations.csv",
                "cellrangermulti/count/TCR_BCR/outs/per_sample_outs/TCR_BCR/vdj_b/donor_regions.fa",
                "cellrangermulti/count/TCR_BCR/outs/per_sample_outs/TCR_BCR/vdj_b/filtered_contig.fasta",
                "cellrangermulti/count/TCR_BCR/outs/per_sample_outs/TCR_BCR/vdj_b/filtered_contig.fastq",
                "cellrangermulti/count/TCR_BCR/outs/per_sample_outs/TCR_BCR/vdj_b/filtered_contig_annotations.csv",
                "cellrangermulti/count/TCR_BCR/outs/per_sample_outs/TCR_BCR/vdj_b/vdj_contig_info.pb",
                "cellrangermulti/count/TCR_BCR/outs/per_sample_outs/TCR_BCR/vdj_b/vloupe.vloupe",
                "cellrangermulti/count/TCR_BCR/outs/per_sample_outs/TCR_BCR/vdj_t",
                "cellrangermulti/count/TCR_BCR/outs/per_sample_outs/TCR_BCR/vdj_t/airr_rearrangement.tsv",
                "cellrangermulti/count/TCR_BCR/outs/per_sample_outs/TCR_BCR/vdj_t/cell_barcodes.json",
                "cellrangermulti/count/TCR_BCR/outs/per_sample_outs/TCR_BCR/vdj_t/clonotypes.csv",
                "cellrangermulti/count/TCR_BCR/outs/per_sample_outs/TCR_BCR/vdj_t/concat_ref.bam",
                "cellrangermulti/count/TCR_BCR/outs/per_sample_outs/TCR_BCR/vdj_t/concat_ref.bam.bai",
                "cellrangermulti/count/TCR_BCR/outs/per_sample_outs/TCR_BCR/vdj_t/concat_ref.fasta",
                "cellrangermulti/count/TCR_BCR/outs/per_sample_outs/TCR_BCR/vdj_t/concat_ref.fasta.fai",
                "cellrangermulti/count/TCR_BCR/outs/per_sample_outs/TCR_BCR/vdj_t/consensus.bam",
                "cellrangermulti/count/TCR_BCR/outs/per_sample_outs/TCR_BCR/vdj_t/consensus.bam.bai",
                "cellrangermulti/count/TCR_BCR/outs/per_sample_outs/TCR_BCR/vdj_t/consensus.fasta",
                "cellrangermulti/count/TCR_BCR/outs/per_sample_outs/TCR_BCR/vdj_t/consensus.fasta.fai",
                "cellrangermulti/count/TCR_BCR/outs/per_sample_outs/TCR_BCR/vdj_t/consensus_annotations.csv",
                "cellrangermulti/count/TCR_BCR/outs/per_sample_outs/TCR_BCR/vdj_t/donor_regions.fa",
                "cellrangermulti/count/TCR_BCR/outs/per_sample_outs/TCR_BCR/vdj_t/filtered_contig.fasta",
                "cellrangermulti/count/TCR_BCR/outs/per_sample_outs/TCR_BCR/vdj_t/filtered_contig.fastq",
                "cellrangermulti/count/TCR_BCR/outs/per_sample_outs/TCR_BCR/vdj_t/filtered_contig_annotations.csv",
                "cellrangermulti/count/TCR_BCR/outs/per_sample_outs/TCR_BCR/vdj_t/vdj_contig_info.pb",
                "cellrangermulti/count/TCR_BCR/outs/per_sample_outs/TCR_BCR/vdj_t/vloupe.vloupe",
                "cellrangermulti/count/TCR_BCR/outs/per_sample_outs/TCR_BCR/web_summary.html",
                "cellrangermulti/count/TCR_BCR/outs/qc_library_metrics.csv",
                "cellrangermulti/count/TCR_BCR/outs/qc_report.html",
                "cellrangermulti/count/TCR_BCR/outs/qc_sample_metrics.csv",
                "cellrangermulti/count/TCR_BCR/outs/vdj_b",
                "cellrangermulti/count/TCR_BCR/outs/vdj_b/all_contig.bam",
                "cellrangermulti/count/TCR_BCR/outs/vdj_b/all_contig.bam.bai",
                "cellrangermulti/count/TCR_BCR/outs/vdj_b/all_contig.fasta",
                "cellrangermulti/count/TCR_BCR/outs/vdj_b/all_contig.fasta.fai",
                "cellrangermulti/count/TCR_BCR/outs/vdj_b/all_contig.fastq",
                "cellrangermulti/count/TCR_BCR/outs/vdj_b/all_contig_annotations.bed",
                "cellrangermulti/count/TCR_BCR/outs/vdj_b/all_contig_annotations.csv",
                "cellrangermulti/count/TCR_BCR/outs/vdj_b/all_contig_annotations.json",
                "cellrangermulti/count/TCR_BCR/outs/vdj_reference",
                "cellrangermulti/count/TCR_BCR/outs/vdj_reference/fasta",
                "cellrangermulti/count/TCR_BCR/outs/vdj_reference/fasta/regions.fa",
                "cellrangermulti/count/TCR_BCR/outs/vdj_reference/reference.json",
                "cellrangermulti/count/TCR_BCR/outs/vdj_t",
                "cellrangermulti/count/TCR_BCR/outs/vdj_t/all_contig.bam",
                "cellrangermulti/count/TCR_BCR/outs/vdj_t/all_contig.bam.bai",
                "cellrangermulti/count/TCR_BCR/outs/vdj_t/all_contig.fasta",
                "cellrangermulti/count/TCR_BCR/outs/vdj_t/all_contig.fasta.fai",
                "cellrangermulti/count/TCR_BCR/outs/vdj_t/all_contig.fastq",
                "cellrangermulti/count/TCR_BCR/outs/vdj_t/all_contig_annotations.bed",
                "cellrangermulti/count/TCR_BCR/outs/vdj_t/all_contig_annotations.csv",
                "cellrangermulti/count/TCR_BCR/outs/vdj_t/all_contig_annotations.json",
                "cellrangermulti/mkgtf",
                "cellrangermulti/mkgtf/genome.filtered.gtf",
                "cellrangermulti/mkref",
                "cellrangermulti/mkref/gex_reference_version",
                "cellrangermulti/mkref/gex_reference_version/fasta",
                "cellrangermulti/mkref/gex_reference_version/fasta/genome.fa",
                "cellrangermulti/mkref/gex_reference_version/fasta/genome.fa.fai",
                "cellrangermulti/mkref/gex_reference_version/genes",
                "cellrangermulti/mkref/gex_reference_version/genes/genes.gtf.gz",
                "cellrangermulti/mkref/gex_reference_version/reference.json",
                "cellrangermulti/mkref/gex_reference_version/star",
                "cellrangermulti/mkref/gex_reference_version/star/Genome",
                "cellrangermulti/mkref/gex_reference_version/star/SA",
                "cellrangermulti/mkref/gex_reference_version/star/SAindex",
                "cellrangermulti/mkref/gex_reference_version/star/chrLength.txt",
                "cellrangermulti/mkref/gex_reference_version/star/chrName.txt",
                "cellrangermulti/mkref/gex_reference_version/star/chrNameLength.txt",
                "cellrangermulti/mkref/gex_reference_version/star/chrStart.txt",
                "cellrangermulti/mkref/gex_reference_version/star/exonGeTrInfo.tab",
                "cellrangermulti/mkref/gex_reference_version/star/exonInfo.tab",
                "cellrangermulti/mkref/gex_reference_version/star/geneInfo.tab",
                "cellrangermulti/mkref/gex_reference_version/star/genomeParameters.txt",
                "cellrangermulti/mkref/gex_reference_version/star/sjdbInfo.txt",
                "cellrangermulti/mkref/gex_reference_version/star/sjdbList.fromGTF.out.tab",
                "cellrangermulti/mkref/gex_reference_version/star/sjdbList.out.tab",
                "cellrangermulti/mkref/gex_reference_version/star/transcriptInfo.tab",
                "fastqc",
                "fastqc/TCR_BCR_vdj_b_1_fastqc.html",
                "fastqc/TCR_BCR_vdj_b_1_fastqc.zip",
                "fastqc/TCR_BCR_vdj_b_2_fastqc.html",
                "fastqc/TCR_BCR_vdj_b_2_fastqc.zip",
                "fastqc/TCR_BCR_vdj_t_1_fastqc.html",
                "fastqc/TCR_BCR_vdj_t_1_fastqc.zip",
                "fastqc/TCR_BCR_vdj_t_2_fastqc.html",
                "fastqc/TCR_BCR_vdj_t_2_fastqc.zip",
                "multiqc",
                "multiqc/multiqc_data",
                "multiqc/multiqc_data/fastqc-status-check-heatmap.txt",
                "multiqc/multiqc_data/fastqc_adapter_content_plot.txt",
                "multiqc/multiqc_data/fastqc_overrepresented_sequences_plot.txt",
                "multiqc/multiqc_data/fastqc_per_base_n_content_plot.txt",
                "multiqc/multiqc_data/fastqc_per_base_sequence_quality_plot.txt",
                "multiqc/multiqc_data/fastqc_per_sequence_gc_content_plot_Counts.txt",
                "multiqc/multiqc_data/fastqc_per_sequence_gc_content_plot_Percentages.txt",
                "multiqc/multiqc_data/fastqc_per_sequence_quality_scores_plot.txt",
                "multiqc/multiqc_data/fastqc_sequence_counts_plot.txt",
                "multiqc/multiqc_data/fastqc_sequence_duplication_levels_plot.txt",
                "multiqc/multiqc_data/fastqc_top_overrepresented_sequences_table.txt",
                "multiqc/multiqc_data/llms-full.txt",
                "multiqc/multiqc_data/multiqc.log",
                "multiqc/multiqc_data/multiqc.parquet",
                "multiqc/multiqc_data/multiqc_citations.txt",
                "multiqc/multiqc_data/multiqc_data.json",
                "multiqc/multiqc_data/multiqc_fastqc.txt",
                "multiqc/multiqc_data/multiqc_general_stats.txt",
                "multiqc/multiqc_data/multiqc_software_versions.txt",
                "multiqc/multiqc_data/multiqc_sources.txt",
                "multiqc/multiqc_plots",
                "multiqc/multiqc_plots/pdf",
                "multiqc/multiqc_plots/pdf/fastqc-status-check-heatmap.pdf",
                "multiqc/multiqc_plots/pdf/fastqc_adapter_content_plot.pdf",
                "multiqc/multiqc_plots/pdf/fastqc_overrepresented_sequences_plot.pdf",
                "multiqc/multiqc_plots/pdf/fastqc_per_base_n_content_plot.pdf",
                "multiqc/multiqc_plots/pdf/fastqc_per_base_sequence_quality_plot.pdf",
                "multiqc/multiqc_plots/pdf/fastqc_per_sequence_gc_content_plot_Counts.pdf",
                "multiqc/multiqc_plots/pdf/fastqc_per_sequence_gc_content_plot_Percentages.pdf",
                "multiqc/multiqc_plots/pdf/fastqc_per_sequence_quality_scores_plot.pdf",
                "multiqc/multiqc_plots/pdf/fastqc_sequence_counts_plot-cnt.pdf",
                "multiqc/multiqc_plots/pdf/fastqc_sequence_counts_plot-pct.pdf",
                "multiqc/multiqc_plots/pdf/fastqc_sequence_duplication_levels_plot.pdf",
                "multiqc/multiqc_plots/pdf/fastqc_top_overrepresented_sequences_table.pdf",
                "multiqc/multiqc_plots/png",
                "multiqc/multiqc_plots/png/fastqc-status-check-heatmap.png",
                "multiqc/multiqc_plots/png/fastqc_adapter_content_plot.png",
                "multiqc/multiqc_plots/png/fastqc_overrepresented_sequences_plot.png",
                "multiqc/multiqc_plots/png/fastqc_per_base_n_content_plot.png",
                "multiqc/multiqc_plots/png/fastqc_per_base_sequence_quality_plot.png",
                "multiqc/multiqc_plots/png/fastqc_per_sequence_gc_content_plot_Counts.png",
                "multiqc/multiqc_plots/png/fastqc_per_sequence_gc_content_plot_Percentages.png",
                "multiqc/multiqc_plots/png/fastqc_per_sequence_quality_scores_plot.png",
                "multiqc/multiqc_plots/png/fastqc_sequence_counts_plot-cnt.png",
                "multiqc/multiqc_plots/png/fastqc_sequence_counts_plot-pct.png",
                "multiqc/multiqc_plots/png/fastqc_sequence_duplication_levels_plot.png",
                "multiqc/multiqc_plots/png/fastqc_top_overrepresented_sequences_table.png",
                "multiqc/multiqc_plots/svg",
                "multiqc/multiqc_plots/svg/fastqc-status-check-heatmap.svg",
                "multiqc/multiqc_plots/svg/fastqc_adapter_content_plot.svg",
                "multiqc/multiqc_plots/svg/fastqc_overrepresented_sequences_plot.svg",
                "multiqc/multiqc_plots/svg/fastqc_per_base_n_content_plot.svg",
                "multiqc/multiqc_plots/svg/fastqc_per_base_sequence_quality_plot.svg",
                "multiqc/multiqc_plots/svg/fastqc_per_sequence_gc_content_plot_Counts.svg",
                "multiqc/multiqc_plots/svg/fastqc_per_sequence_gc_content_plot_Percentages.svg",
                "multiqc/multiqc_plots/svg/fastqc_per_sequence_quality_scores_plot.svg",
                "multiqc/multiqc_plots/svg/fastqc_sequence_counts_plot-cnt.svg",
                "multiqc/multiqc_plots/svg/fastqc_sequence_counts_plot-pct.svg",
                "multiqc/multiqc_plots/svg/fastqc_sequence_duplication_levels_plot.svg",
                "multiqc/multiqc_plots/svg/fastqc_top_overrepresented_sequences_table.svg",
                "multiqc/multiqc_report.html",
                "pipeline_info",
                "pipeline_info/nf_core_scrnaseq_software_mqc_versions.yml"
            ],
            [
                "airr_rearrangement.tsv:md5,25f3666f6fb26e7631cd3b7ea57319c7",
                "concat_ref.fasta:md5,cd1799d2a49c8999efd53ddbfd811f35",
                "consensus.fasta:md5,7dd38639d5b264913ed1d2772066e3bb",
                "donor_regions.fa:md5,d41d8cd98f00b204e9800998ecf8427e",
                "filtered_contig.fasta:md5,3b91708b46537fd130806a981dfc0bf8",
                "filtered_contig.fastq:md5,8645d39a82d34ea9542c2db0f31673aa",
                "airr_rearrangement.tsv:md5,f7459f4bdac60e1229b328e262ad8788",
                "concat_ref.fasta:md5,d66f96c42cca39a6725c88415c4d9107",
                "consensus.fasta:md5,cdaafa834488aeedd0ca37f979c04326",
                "donor_regions.fa:md5,d41d8cd98f00b204e9800998ecf8427e",
                "filtered_contig.fasta:md5,27f19d5ce15bc8d1ff0c741ad5d7caf4",
                "filtered_contig.fastq:md5,4a6a518428ecd24b0e3ed30ecfa80f36",
                "all_contig.fasta:md5,494adf38d81f749fc87409c982a1dd2d",
                "all_contig.fastq:md5,e5b0cec096f4d57981916d2247a9f9b7",
                "all_contig_annotations.bed:md5,3ec542007b7f4f018dec77201bff22f1",
                "regions.fa:md5,1953406d913fb0fd753c6b56e847da83",
                "all_contig.fasta:md5,c868421d28755d88ee44e9b3518ddc02",
                "all_contig.fastq:md5,8116e4d7e82a3df8711ff0db11eeda4c",
                "all_contig_annotations.bed:md5,49028a9d0b98cdf25b221456ca86e49a",
                "genome.filtered.gtf:md5,56fda17fa8647c851b80bb849f492d36",
                "genome.fa:md5,f315020d899597c1b57e5fe9f60f4c3e",
                "genome.fa.fai:md5,3520cd30e1b100e55f578db9c855f685",
                "genes.gtf.gz:md5,56fda17fa8647c851b80bb849f492d36",
                "Genome:md5,c5223ed1e828b33901ef464973256ef0",
                "SA:md5,22c830cebc04fcbcc44993442811f916",
                "SAindex:md5,85787ba8caf792d82e1e670ed78ee57b",
                "chrLength.txt:md5,c81f40f27e72606d7d07097c1d56a5b5",
                "chrName.txt:md5,5ae68a67b70976ee95342a7451cb5af1",
                "chrNameLength.txt:md5,b190587cae0531f3cf25552d8aa674db",
                "chrStart.txt:md5,bc73df776dd3d5bb9cfcbcba60880519",
                "exonGeTrInfo.tab:md5,4c816afdcc585b21a38321528dd1bfcb",
                "exonInfo.tab:md5,f5cb6a4443f30537f8be77a38c9f30c1",
                "geneInfo.tab:md5,721e841f659a5946fa3ef0e6a8cc7eb5",
                "sjdbInfo.txt:md5,9803cd4488c27a762f6b69c03965f2ac",
                "sjdbList.fromGTF.out.tab:md5,fc9b0985a99d467874509d0a5f481a5b",
                "sjdbList.out.tab:md5,74c6345c4169e63b21002804c8c242c4",
                "transcriptInfo.tab:md5,354f7398284c6d20a7351ba491d5d742",
                "fastqc-status-check-heatmap.txt:md5,008a9eae4049432cb74bb0ca40b27ba9",
                "fastqc_adapter_content_plot.txt:md5,7762f16fd2ada2800a9a50e6e55b7624",
                "fastqc_overrepresented_sequences_plot.txt:md5,277819a00dd3fd879ad7f28e8e682522",
                "fastqc_per_base_n_content_plot.txt:md5,6fa522119a6048b6bcb52eb2e4cbaf98",
                "fastqc_per_base_sequence_quality_plot.txt:md5,df72d327c009fbc6b64dacc20391f954",
                "fastqc_per_sequence_gc_content_plot_Counts.txt:md5,8ad287946f227ea2a4825792cf6ca8af",
                "fastqc_per_sequence_gc_content_plot_Percentages.txt:md5,998c385277d5e694e5009ea731329891",
                "fastqc_per_sequence_quality_scores_plot.txt:md5,8ed842b834cab0a24826bda21bc07d88",
                "fastqc_sequence_counts_plot.txt:md5,4b6a72905e9fec66192e7c7be3c13d9f",
                "fastqc_sequence_duplication_levels_plot.txt:md5,7610fcc82d9e53341dc7a8b9974a3c53",
                "multiqc_citations.txt:md5,4c806e63a283ec1b7e78cdae3a923d4f",
                "multiqc_fastqc.txt:md5,79d16526020daf822b9550e926ae9fa0",
                "multiqc_general_stats.txt:md5,643837a72ad6873d1dfcf31c69073313"
            ]
        ],
        "timestamp": "2026-10-08T14:10:09.25896834",
        "meta": {
            "nf-test": "0.9.5",
            "nextflow": "26.04.6"
        }
    }
}