{
    "test-dataset_simpleaf_aligner": {
        "content": [
            "Sample_X_raw_matrix.seurat.rds:md5,e1003985cc53b3538436a4726e3843a3",
            "Sample_X_raw_matrix.sce.rds:md5,6e9e0d6067fdca27645b66df47c6cdc1",
            "Sample_X_raw_matrix.h5ad:md5,d9c56aa71ade55f2b218db21efbce57f",
            "Sample_Y_raw_matrix.seurat.rds:md5,bae61b4d15df485464f6448a3b91f28c",
            "Sample_Y_raw_matrix.sce.rds:md5,010c137155f5b8feed6ea4b853dc12c3",
            "Sample_Y_raw_matrix.h5ad:md5,7a9899fed9301f3f6f4e6d7b1ada226d"
        ],
        "meta": {
            "nf-test": "0.9.2",
            "nextflow": "24.10.4"
        },
        "timestamp": "2025-03-05T16:34:48.992772278"
    }
}