{
    "test-dataset_star_aligner": {
        "content": [
            {
                "FASTQC": {
                    "fastqc": "0.12.1"
                },
                "MTX_TO_H5AD": {
                    "anndata": "0.10.8",
                    "pandas": "2.2.2",
                    "python": "3.12.5",
                    "scanpy": "1.10.2"
                },
                "STAR_ALIGN": {
                    "star": "2.7.10b"
                },
                "STAR_GENOMEGENERATE": {
                    "gawk": "5.1.0",
                    "samtools": 1.18,
                    "star": "2.7.10a"
                }
            },
            [
                "fastqc",
                "fastqc/Sample_X_1_fastqc.html",
                "fastqc/Sample_X_1_fastqc.zip",
                "fastqc/Sample_X_2_fastqc.html",
                "fastqc/Sample_X_2_fastqc.zip",
                "fastqc/Sample_Y_1_fastqc.html",
                "fastqc/Sample_Y_1_fastqc.zip",
                "fastqc/Sample_Y_2_fastqc.html",
                "fastqc/Sample_Y_2_fastqc.zip",
                "fastqc/Sample_Y_3_fastqc.html",
                "fastqc/Sample_Y_3_fastqc.zip",
                "fastqc/Sample_Y_4_fastqc.html",
                "fastqc/Sample_Y_4_fastqc.zip",
                "multiqc",
                "multiqc/multiqc_data",
                "multiqc/multiqc_data/fastqc-status-check-heatmap.txt",
                "multiqc/multiqc_data/fastqc_adapter_content_plot.txt",
                "multiqc/multiqc_data/fastqc_per_base_n_content_plot.txt",
                "multiqc/multiqc_data/fastqc_per_base_sequence_quality_plot.txt",
                "multiqc/multiqc_data/fastqc_per_sequence_gc_content_plot_Counts.txt",
                "multiqc/multiqc_data/fastqc_per_sequence_gc_content_plot_Percentages.txt",
                "multiqc/multiqc_data/fastqc_per_sequence_quality_scores_plot.txt",
                "multiqc/multiqc_data/fastqc_sequence_counts_plot.txt",
                "multiqc/multiqc_data/fastqc_sequence_duplication_levels_plot.txt",
                "multiqc/multiqc_data/fastqc_top_overrepresented_sequences_table.txt",
                "multiqc/multiqc_data/llms-full.txt",
                "multiqc/multiqc_data/multiqc.log",
                "multiqc/multiqc_data/multiqc.parquet",
                "multiqc/multiqc_data/multiqc_citations.txt",
                "multiqc/multiqc_data/multiqc_data.json",
                "multiqc/multiqc_data/multiqc_fastqc.txt",
                "multiqc/multiqc_data/multiqc_general_stats.txt",
                "multiqc/multiqc_data/multiqc_software_versions.txt",
                "multiqc/multiqc_data/multiqc_sources.txt",
                "multiqc/multiqc_data/multiqc_star.txt",
                "multiqc/multiqc_data/star_alignment_plot.txt",
                "multiqc/multiqc_data/star_summary_table.txt",
                "multiqc/multiqc_plots",
                "multiqc/multiqc_plots/pdf",
                "multiqc/multiqc_plots/pdf/fastqc-status-check-heatmap.pdf",
                "multiqc/multiqc_plots/pdf/fastqc_adapter_content_plot.pdf",
                "multiqc/multiqc_plots/pdf/fastqc_per_base_n_content_plot.pdf",
                "multiqc/multiqc_plots/pdf/fastqc_per_base_sequence_quality_plot.pdf",
                "multiqc/multiqc_plots/pdf/fastqc_per_sequence_gc_content_plot_Counts.pdf",
                "multiqc/multiqc_plots/pdf/fastqc_per_sequence_gc_content_plot_Percentages.pdf",
                "multiqc/multiqc_plots/pdf/fastqc_per_sequence_quality_scores_plot.pdf",
                "multiqc/multiqc_plots/pdf/fastqc_sequence_counts_plot-cnt.pdf",
                "multiqc/multiqc_plots/pdf/fastqc_sequence_counts_plot-pct.pdf",
                "multiqc/multiqc_plots/pdf/fastqc_sequence_duplication_levels_plot.pdf",
                "multiqc/multiqc_plots/pdf/fastqc_top_overrepresented_sequences_table.pdf",
                "multiqc/multiqc_plots/pdf/star_alignment_plot-cnt.pdf",
                "multiqc/multiqc_plots/pdf/star_alignment_plot-pct.pdf",
                "multiqc/multiqc_plots/pdf/star_summary_table.pdf",
                "multiqc/multiqc_plots/png",
                "multiqc/multiqc_plots/png/fastqc-status-check-heatmap.png",
                "multiqc/multiqc_plots/png/fastqc_adapter_content_plot.png",
                "multiqc/multiqc_plots/png/fastqc_per_base_n_content_plot.png",
                "multiqc/multiqc_plots/png/fastqc_per_base_sequence_quality_plot.png",
                "multiqc/multiqc_plots/png/fastqc_per_sequence_gc_content_plot_Counts.png",
                "multiqc/multiqc_plots/png/fastqc_per_sequence_gc_content_plot_Percentages.png",
                "multiqc/multiqc_plots/png/fastqc_per_sequence_quality_scores_plot.png",
                "multiqc/multiqc_plots/png/fastqc_sequence_counts_plot-cnt.png",
                "multiqc/multiqc_plots/png/fastqc_sequence_counts_plot-pct.png",
                "multiqc/multiqc_plots/png/fastqc_sequence_duplication_levels_plot.png",
                "multiqc/multiqc_plots/png/fastqc_top_overrepresented_sequences_table.png",
                "multiqc/multiqc_plots/png/star_alignment_plot-cnt.png",
                "multiqc/multiqc_plots/png/star_alignment_plot-pct.png",
                "multiqc/multiqc_plots/png/star_summary_table.png",
                "multiqc/multiqc_plots/svg",
                "multiqc/multiqc_plots/svg/fastqc-status-check-heatmap.svg",
                "multiqc/multiqc_plots/svg/fastqc_adapter_content_plot.svg",
                "multiqc/multiqc_plots/svg/fastqc_per_base_n_content_plot.svg",
                "multiqc/multiqc_plots/svg/fastqc_per_base_sequence_quality_plot.svg",
                "multiqc/multiqc_plots/svg/fastqc_per_sequence_gc_content_plot_Counts.svg",
                "multiqc/multiqc_plots/svg/fastqc_per_sequence_gc_content_plot_Percentages.svg",
                "multiqc/multiqc_plots/svg/fastqc_per_sequence_quality_scores_plot.svg",
                "multiqc/multiqc_plots/svg/fastqc_sequence_counts_plot-cnt.svg",
                "multiqc/multiqc_plots/svg/fastqc_sequence_counts_plot-pct.svg",
                "multiqc/multiqc_plots/svg/fastqc_sequence_duplication_levels_plot.svg",
                "multiqc/multiqc_plots/svg/fastqc_top_overrepresented_sequences_table.svg",
                "multiqc/multiqc_plots/svg/star_alignment_plot-cnt.svg",
                "multiqc/multiqc_plots/svg/star_alignment_plot-pct.svg",
                "multiqc/multiqc_plots/svg/star_summary_table.svg",
                "multiqc/multiqc_report.html",
                "pipeline_info",
                "pipeline_info/nf_core_scrnaseq_software_mqc_versions.yml",
                "star",
                "star/Sample_X",
                "star/Sample_X/Sample_X.Aligned.sortedByCoord.out.bam",
                "star/Sample_X/Sample_X.Log.final.out",
                "star/Sample_X/Sample_X.Log.out",
                "star/Sample_X/Sample_X.Log.progress.out",
                "star/Sample_X/Sample_X.SJ.out.tab",
                "star/Sample_X/Sample_X.Solo.out",
                "star/Sample_X/Sample_X.Solo.out/Barcodes.stats",
                "star/Sample_X/Sample_X.Solo.out/Gene",
                "star/Sample_X/Sample_X.Solo.out/Gene/Features.stats",
                "star/Sample_X/Sample_X.Solo.out/Gene/Summary.csv",
                "star/Sample_X/Sample_X.Solo.out/Gene/UMIperCellSorted.txt",
                "star/Sample_X/Sample_X.Solo.out/Gene/filtered",
                "star/Sample_X/Sample_X.Solo.out/Gene/filtered/barcodes.tsv.gz",
                "star/Sample_X/Sample_X.Solo.out/Gene/filtered/features.tsv.gz",
                "star/Sample_X/Sample_X.Solo.out/Gene/filtered/matrix.mtx.gz",
                "star/Sample_X/Sample_X.Solo.out/Gene/raw",
                "star/Sample_X/Sample_X.Solo.out/Gene/raw/barcodes.tsv.gz",
                "star/Sample_X/Sample_X.Solo.out/Gene/raw/features.tsv.gz",
                "star/Sample_X/Sample_X.Solo.out/Gene/raw/matrix.mtx.gz",
                "star/Sample_X/versions.yml",
                "star/Sample_Y",
                "star/Sample_Y/Sample_Y.Aligned.sortedByCoord.out.bam",
                "star/Sample_Y/Sample_Y.Log.final.out",
                "star/Sample_Y/Sample_Y.Log.out",
                "star/Sample_Y/Sample_Y.Log.progress.out",
                "star/Sample_Y/Sample_Y.SJ.out.tab",
                "star/Sample_Y/Sample_Y.Solo.out",
                "star/Sample_Y/Sample_Y.Solo.out/Barcodes.stats",
                "star/Sample_Y/Sample_Y.Solo.out/Gene",
                "star/Sample_Y/Sample_Y.Solo.out/Gene/Features.stats",
                "star/Sample_Y/Sample_Y.Solo.out/Gene/Summary.csv",
                "star/Sample_Y/Sample_Y.Solo.out/Gene/UMIperCellSorted.txt",
                "star/Sample_Y/Sample_Y.Solo.out/Gene/filtered",
                "star/Sample_Y/Sample_Y.Solo.out/Gene/filtered/barcodes.tsv.gz",
                "star/Sample_Y/Sample_Y.Solo.out/Gene/filtered/features.tsv.gz",
                "star/Sample_Y/Sample_Y.Solo.out/Gene/filtered/matrix.mtx.gz",
                "star/Sample_Y/Sample_Y.Solo.out/Gene/raw",
                "star/Sample_Y/Sample_Y.Solo.out/Gene/raw/barcodes.tsv.gz",
                "star/Sample_Y/Sample_Y.Solo.out/Gene/raw/features.tsv.gz",
                "star/Sample_Y/Sample_Y.Solo.out/Gene/raw/matrix.mtx.gz",
                "star/Sample_Y/versions.yml",
                "star/mtx_conversions",
                "star/mtx_conversions/Sample_X",
                "star/mtx_conversions/Sample_X/Sample_X_filtered_matrix.h5ad",
                "star/mtx_conversions/Sample_X/Sample_X_filtered_matrix.sce.rds",
                "star/mtx_conversions/Sample_X/Sample_X_filtered_matrix.seurat.rds",
                "star/mtx_conversions/Sample_X/Sample_X_raw_matrix.h5ad",
                "star/mtx_conversions/Sample_X/Sample_X_raw_matrix.sce.rds",
                "star/mtx_conversions/Sample_X/Sample_X_raw_matrix.seurat.rds",
                "star/mtx_conversions/Sample_Y",
                "star/mtx_conversions/Sample_Y/Sample_Y_filtered_matrix.h5ad",
                "star/mtx_conversions/Sample_Y/Sample_Y_filtered_matrix.sce.rds",
                "star/mtx_conversions/Sample_Y/Sample_Y_filtered_matrix.seurat.rds",
                "star/mtx_conversions/Sample_Y/Sample_Y_raw_matrix.h5ad",
                "star/mtx_conversions/Sample_Y/Sample_Y_raw_matrix.sce.rds",
                "star/mtx_conversions/Sample_Y/Sample_Y_raw_matrix.seurat.rds",
                "star/mtx_conversions/combined_filtered_matrix.h5ad",
                "star/mtx_conversions/combined_filtered_matrix.sce.rds",
                "star/mtx_conversions/combined_filtered_matrix.seurat.rds",
                "star/mtx_conversions/combined_raw_matrix.h5ad",
                "star/mtx_conversions/combined_raw_matrix.sce.rds",
                "star/mtx_conversions/combined_raw_matrix.seurat.rds"
            ],
            [
                "fastqc-status-check-heatmap.txt:md5,d122badcaa647409c35a809e8a127f99",
                "fastqc_adapter_content_plot.txt:md5,25f2bf3896afee60c3af1c2d406adb2a",
                "fastqc_per_base_n_content_plot.txt:md5,87fa27ea81dfddbd03d17e9d62073464",
                "fastqc_per_base_sequence_quality_plot.txt:md5,10286297045c79d47254b472d64fe1b4",
                "fastqc_per_sequence_gc_content_plot_Counts.txt:md5,7e19e0d150b99698a97f1b06e164c81a",
                "fastqc_per_sequence_gc_content_plot_Percentages.txt:md5,c9b7817422c054b575a45d4065876809",
                "fastqc_per_sequence_quality_scores_plot.txt:md5,72ceb51a99080fd0fc5c9fe368f7b1fb",
                "fastqc_sequence_counts_plot.txt:md5,a3c8ef25c1126727391c2973a40ca7f7",
                "fastqc_sequence_duplication_levels_plot.txt:md5,10e456e57df8bcd738fe6a35d3a6c7cf",
                "multiqc_citations.txt:md5,37594684bb2ecad26be07281635b56f1",
                "multiqc_fastqc.txt:md5,12027880857508ce5cedc3904a351730",
                "multiqc_general_stats.txt:md5,77dea4461c5b10f498bb809a6cbd19ae",
                "multiqc_star.txt:md5,1e52e11f0473601f8b956bb921a70c1c",
                "star_alignment_plot.txt:md5,d85d7f79d8c6fbd837b3f3261d133358",
                "star_summary_table.txt:md5,e202a71aeee9dd1681343240d17bb4eb",
                "Sample_X.Aligned.sortedByCoord.out.bam:md5,26c9d2dce827bba30f0f50c2dde1cc90",
                "Sample_X.SJ.out.tab:md5,d2d7f0abe38029012571bdf6622fc6eb",
                "Barcodes.stats:md5,7f99dc8aa5e074fbe5779ea7712c0886",
                "Features.stats:md5,2742caa3c120d7fd36284b7f34f0a3e4",
                "Summary.csv:md5,9d8a9eaee1efd731cf8740aa8e5b9f6e",
                "UMIperCellSorted.txt:md5,094486f42faca15825d8bf580a303711",
                "barcodes.tsv.gz:md5,9a7dacaa1779ea43c1507a947fe6992a",
                "features.tsv.gz:md5,99e453cb1443a3e43e99405184e51a5e",
                "matrix.mtx.gz:md5,6a923393343aa1a69b0cf1bd998c9285",
                "barcodes.tsv.gz:md5,f62a276e262fdd85262a889d0f48556b",
                "features.tsv.gz:md5,99e453cb1443a3e43e99405184e51a5e",
                "matrix.mtx.gz:md5,a1721c240079a651870cbb2e76720dc8",
                "versions.yml:md5,f05605942a23ee8ef331f12a523cbf1e",
                "Sample_Y.Aligned.sortedByCoord.out.bam:md5,40d6983063ed34585f9da32f69bd423d",
                "Sample_Y.SJ.out.tab:md5,98bd31104a860cf80119dc30d938d163",
                "Barcodes.stats:md5,2dbf1ae426c1afd97903ee001f0db5ce",
                "Features.stats:md5,f0d82a316413d3c920c8487b67ee4f40",
                "Summary.csv:md5,5dc3fe610fbe940fc583173dfc8df2d1",
                "UMIperCellSorted.txt:md5,11ad79d9dce609aca35561000c727954",
                "barcodes.tsv.gz:md5,9b695b0b91bcb146ec9c4688ca10a690",
                "features.tsv.gz:md5,99e453cb1443a3e43e99405184e51a5e",
                "matrix.mtx.gz:md5,0ae080bd0002e350531a5816e159345e",
                "barcodes.tsv.gz:md5,f62a276e262fdd85262a889d0f48556b",
                "features.tsv.gz:md5,99e453cb1443a3e43e99405184e51a5e",
                "matrix.mtx.gz:md5,901ccd41c658cc6485863afff775ea98",
                "versions.yml:md5,f05605942a23ee8ef331f12a523cbf1e",
                "Sample_X_filtered_matrix.h5ad:md5,21a89f2dff1a2203f846c4884dbd624f",
                "Sample_X_filtered_matrix.sce.rds:md5,41f1959bd1c577305915fdfcb797bf0b",
                "Sample_X_filtered_matrix.seurat.rds:md5,05780c38d8deb9d06384da2c12cbdefd",
                "Sample_X_raw_matrix.h5ad:md5,ef55859b811d8cdb318aa5b2e857cfa3",
                "Sample_X_raw_matrix.sce.rds:md5,ef88d8a6bb48eb8f555a0c255d9b03bb",
                "Sample_X_raw_matrix.seurat.rds:md5,34fd07749de1f1ee49e885782cd7c6c5",
                "Sample_Y_filtered_matrix.h5ad:md5,57ded9e27f5164ad6b1d888d553737c1",
                "Sample_Y_filtered_matrix.sce.rds:md5,2c63e5563a037d2834a6eef107b34f67",
                "Sample_Y_filtered_matrix.seurat.rds:md5,d27d6360cf500bf4438f650b8796f8ce",
                "Sample_Y_raw_matrix.h5ad:md5,25329b6d44ae0f7f885e6513e05fb840",
                "Sample_Y_raw_matrix.sce.rds:md5,d9d6c934d2193681ab58a88d437bf138",
                "Sample_Y_raw_matrix.seurat.rds:md5,5b8361f36fec65107e7652751c80fdb5"
            ]
        ],
        "meta": {
            "nf-test": "0.9.2",
            "nextflow": "25.04.6"
        },
        "timestamp": "2025-10-23T19:11:01.001258"
    }
}