{
    "test-dataset_simpleaf_aligner": {
        "content": [
            3,
            {
                "GTF_GENE_FILTER": {
                    "python": "3.14.5"
                }
            },
            [
                "fastqc",
                "fastqc/Sample_X_1_fastqc.html",
                "fastqc/Sample_X_1_fastqc.zip",
                "fastqc/Sample_X_2_fastqc.html",
                "fastqc/Sample_X_2_fastqc.zip",
                "fastqc/Sample_Y_1_fastqc.html",
                "fastqc/Sample_Y_1_fastqc.zip",
                "fastqc/Sample_Y_2_fastqc.html",
                "fastqc/Sample_Y_2_fastqc.zip",
                "fastqc/Sample_Y_3_fastqc.html",
                "fastqc/Sample_Y_3_fastqc.zip",
                "fastqc/Sample_Y_4_fastqc.html",
                "fastqc/Sample_Y_4_fastqc.zip",
                "pipeline_info",
                "pipeline_info/nf_core_scrnaseq_software_mqc_versions.yml"
            ],
            [
                
            ]
        ],
        "timestamp": "2026-07-09T07:49:16.809798",
        "meta": {
            "nf-test": "0.9.5",
            "nextflow": "26.04.4"
        }
    }
}