{
    "test-dataset_cellranger_aligner": {
        "content": [
            {
                "stderr": [

                ],
                "errorReport": "",
                "exitStatus": 0,
                "failed": false,
                "stdout": [

                ],
                "errorMessage": "",
                "trace": {
                    "tasksFailed": 0,
                    "tasksCount": 13,
                    "tasksSucceeded": 13
                },
                "name": "workflow",
                "success": true
            },
            "barcodes.tsv.gz:md5,fe6e51564b4405b37ca8604a844b1f2e",
            "features.tsv.gz:md5,99e453cb1443a3e43e99405184e51a5e",
            "matrix.mtx.gz:md5,79471f700ec5bab852a960f0d1537705",
            "barcodes.tsv.gz:md5,77afe9a76631fc7b44236d3962a55aa5",
            "features.tsv.gz:md5,99e453cb1443a3e43e99405184e51a5e",
            "matrix.mtx.gz:md5,e224aa759250fa5730dc069bce9be253",
            "barcodes.tsv.gz:md5,85da6b6e0c78dfe81af8c07c2017ab5e",
            "features.tsv.gz:md5,99e453cb1443a3e43e99405184e51a5e",
            "matrix.mtx.gz:md5,1bc71041a425bfcee38472bfec5997f8",
            "barcodes.tsv.gz:md5,081f72b5252ccaf5ffd535ffbd235c4c",
            "features.tsv.gz:md5,99e453cb1443a3e43e99405184e51a5e",
            "matrix.mtx.gz:md5,a4db04e43e650accc96361a287126a6b",
            "Sample_X_matrix.rds:md5,f9191ba575a3ab79ada4807715f18573",
            "Sample_Y_matrix.rds:md5,7be3f7b29d668dcf7e951b9f4d371a5e"
        ],
        "timestamp": "2024-01-22T15:19:20.134275449"
    }
}
