{
    "test-dataset_cellranger_aligner": {
        "content": [
            20,
            {
                "CELLRANGER_COUNT": {
                    "cellranger": "cellranger 10.0.0 "
                },
                "CELLRANGER_MKGTF": {
                    "cellranger": "10.0.0"
                },
                "CELLRANGER_MKREF": {
                    "cellranger": "10.0.0"
                },
                "FASTQC": {
                    "fastqc": "0.12.1"
                },
                "MTX_TO_H5AD": {
                    "anndata": "0.10.8",
                    "pandas": "2.2.2",
                    "python": "3.12.5",
                    "scanpy": "1.10.2"
                }
            },
            [
                "cellranger",
                "cellranger/count",
                "cellranger/count/Sample_X",
                "cellranger/count/Sample_X/outs",
                "cellranger/count/Sample_X/outs/analysis",
                "cellranger/count/Sample_X/outs/analysis/clustering",
                "cellranger/count/Sample_X/outs/analysis/clustering/gene_expression_graphclust",
                "cellranger/count/Sample_X/outs/analysis/clustering/gene_expression_graphclust/clusters.csv",
                "cellranger/count/Sample_X/outs/analysis/clustering/gene_expression_kmeans_10_clusters",
                "cellranger/count/Sample_X/outs/analysis/clustering/gene_expression_kmeans_10_clusters/clusters.csv",
                "cellranger/count/Sample_X/outs/analysis/clustering/gene_expression_kmeans_2_clusters",
                "cellranger/count/Sample_X/outs/analysis/clustering/gene_expression_kmeans_2_clusters/clusters.csv",
                "cellranger/count/Sample_X/outs/analysis/clustering/gene_expression_kmeans_3_clusters",
                "cellranger/count/Sample_X/outs/analysis/clustering/gene_expression_kmeans_3_clusters/clusters.csv",
                "cellranger/count/Sample_X/outs/analysis/clustering/gene_expression_kmeans_4_clusters",
                "cellranger/count/Sample_X/outs/analysis/clustering/gene_expression_kmeans_4_clusters/clusters.csv",
                "cellranger/count/Sample_X/outs/analysis/clustering/gene_expression_kmeans_5_clusters",
                "cellranger/count/Sample_X/outs/analysis/clustering/gene_expression_kmeans_5_clusters/clusters.csv",
                "cellranger/count/Sample_X/outs/analysis/clustering/gene_expression_kmeans_6_clusters",
                "cellranger/count/Sample_X/outs/analysis/clustering/gene_expression_kmeans_6_clusters/clusters.csv",
                "cellranger/count/Sample_X/outs/analysis/clustering/gene_expression_kmeans_7_clusters",
                "cellranger/count/Sample_X/outs/analysis/clustering/gene_expression_kmeans_7_clusters/clusters.csv",
                "cellranger/count/Sample_X/outs/analysis/clustering/gene_expression_kmeans_8_clusters",
                "cellranger/count/Sample_X/outs/analysis/clustering/gene_expression_kmeans_8_clusters/clusters.csv",
                "cellranger/count/Sample_X/outs/analysis/clustering/gene_expression_kmeans_9_clusters",
                "cellranger/count/Sample_X/outs/analysis/clustering/gene_expression_kmeans_9_clusters/clusters.csv",
                "cellranger/count/Sample_X/outs/analysis/diffexp",
                "cellranger/count/Sample_X/outs/analysis/diffexp/gene_expression_graphclust",
                "cellranger/count/Sample_X/outs/analysis/diffexp/gene_expression_graphclust/differential_expression.csv",
                "cellranger/count/Sample_X/outs/analysis/diffexp/gene_expression_kmeans_10_clusters",
                "cellranger/count/Sample_X/outs/analysis/diffexp/gene_expression_kmeans_10_clusters/differential_expression.csv",
                "cellranger/count/Sample_X/outs/analysis/diffexp/gene_expression_kmeans_2_clusters",
                "cellranger/count/Sample_X/outs/analysis/diffexp/gene_expression_kmeans_2_clusters/differential_expression.csv",
                "cellranger/count/Sample_X/outs/analysis/diffexp/gene_expression_kmeans_3_clusters",
                "cellranger/count/Sample_X/outs/analysis/diffexp/gene_expression_kmeans_3_clusters/differential_expression.csv",
                "cellranger/count/Sample_X/outs/analysis/diffexp/gene_expression_kmeans_4_clusters",
                "cellranger/count/Sample_X/outs/analysis/diffexp/gene_expression_kmeans_4_clusters/differential_expression.csv",
                "cellranger/count/Sample_X/outs/analysis/diffexp/gene_expression_kmeans_5_clusters",
                "cellranger/count/Sample_X/outs/analysis/diffexp/gene_expression_kmeans_5_clusters/differential_expression.csv",
                "cellranger/count/Sample_X/outs/analysis/diffexp/gene_expression_kmeans_6_clusters",
                "cellranger/count/Sample_X/outs/analysis/diffexp/gene_expression_kmeans_6_clusters/differential_expression.csv",
                "cellranger/count/Sample_X/outs/analysis/diffexp/gene_expression_kmeans_7_clusters",
                "cellranger/count/Sample_X/outs/analysis/diffexp/gene_expression_kmeans_7_clusters/differential_expression.csv",
                "cellranger/count/Sample_X/outs/analysis/diffexp/gene_expression_kmeans_8_clusters",
                "cellranger/count/Sample_X/outs/analysis/diffexp/gene_expression_kmeans_8_clusters/differential_expression.csv",
                "cellranger/count/Sample_X/outs/analysis/diffexp/gene_expression_kmeans_9_clusters",
                "cellranger/count/Sample_X/outs/analysis/diffexp/gene_expression_kmeans_9_clusters/differential_expression.csv",
                "cellranger/count/Sample_X/outs/analysis/pca",
                "cellranger/count/Sample_X/outs/analysis/pca/gene_expression_10_components",
                "cellranger/count/Sample_X/outs/analysis/pca/gene_expression_10_components/components.csv",
                "cellranger/count/Sample_X/outs/analysis/pca/gene_expression_10_components/dispersion.csv",
                "cellranger/count/Sample_X/outs/analysis/pca/gene_expression_10_components/features_selected.csv",
                "cellranger/count/Sample_X/outs/analysis/pca/gene_expression_10_components/projection.csv",
                "cellranger/count/Sample_X/outs/analysis/pca/gene_expression_10_components/variance.csv",
                "cellranger/count/Sample_X/outs/analysis/tsne",
                "cellranger/count/Sample_X/outs/analysis/tsne/gene_expression_2_components",
                "cellranger/count/Sample_X/outs/analysis/tsne/gene_expression_2_components/projection.csv",
                "cellranger/count/Sample_X/outs/analysis/umap",
                "cellranger/count/Sample_X/outs/analysis/umap/gene_expression_2_components",
                "cellranger/count/Sample_X/outs/analysis/umap/gene_expression_2_components/projection.csv",
                "cellranger/count/Sample_X/outs/cloupe.cloupe",
                "cellranger/count/Sample_X/outs/filtered_feature_bc_matrix",
                "cellranger/count/Sample_X/outs/filtered_feature_bc_matrix.h5",
                "cellranger/count/Sample_X/outs/filtered_feature_bc_matrix/barcodes.tsv.gz",
                "cellranger/count/Sample_X/outs/filtered_feature_bc_matrix/features.tsv.gz",
                "cellranger/count/Sample_X/outs/filtered_feature_bc_matrix/matrix.mtx.gz",
                "cellranger/count/Sample_X/outs/metrics_summary.csv",
                "cellranger/count/Sample_X/outs/molecule_info.h5",
                "cellranger/count/Sample_X/outs/possorted_genome_bam.bam",
                "cellranger/count/Sample_X/outs/possorted_genome_bam.bam.bai",
                "cellranger/count/Sample_X/outs/raw_feature_bc_matrix",
                "cellranger/count/Sample_X/outs/raw_feature_bc_matrix.h5",
                "cellranger/count/Sample_X/outs/raw_feature_bc_matrix/barcodes.tsv.gz",
                "cellranger/count/Sample_X/outs/raw_feature_bc_matrix/features.tsv.gz",
                "cellranger/count/Sample_X/outs/raw_feature_bc_matrix/matrix.mtx.gz",
                "cellranger/count/Sample_X/outs/web_summary.html",
                "cellranger/count/Sample_Y",
                "cellranger/count/Sample_Y/outs",
                "cellranger/count/Sample_Y/outs/analysis",
                "cellranger/count/Sample_Y/outs/analysis/clustering",
                "cellranger/count/Sample_Y/outs/analysis/clustering/gene_expression_graphclust",
                "cellranger/count/Sample_Y/outs/analysis/clustering/gene_expression_graphclust/clusters.csv",
                "cellranger/count/Sample_Y/outs/analysis/clustering/gene_expression_kmeans_10_clusters",
                "cellranger/count/Sample_Y/outs/analysis/clustering/gene_expression_kmeans_10_clusters/clusters.csv",
                "cellranger/count/Sample_Y/outs/analysis/clustering/gene_expression_kmeans_2_clusters",
                "cellranger/count/Sample_Y/outs/analysis/clustering/gene_expression_kmeans_2_clusters/clusters.csv",
                "cellranger/count/Sample_Y/outs/analysis/clustering/gene_expression_kmeans_3_clusters",
                "cellranger/count/Sample_Y/outs/analysis/clustering/gene_expression_kmeans_3_clusters/clusters.csv",
                "cellranger/count/Sample_Y/outs/analysis/clustering/gene_expression_kmeans_4_clusters",
                "cellranger/count/Sample_Y/outs/analysis/clustering/gene_expression_kmeans_4_clusters/clusters.csv",
                "cellranger/count/Sample_Y/outs/analysis/clustering/gene_expression_kmeans_5_clusters",
                "cellranger/count/Sample_Y/outs/analysis/clustering/gene_expression_kmeans_5_clusters/clusters.csv",
                "cellranger/count/Sample_Y/outs/analysis/clustering/gene_expression_kmeans_6_clusters",
                "cellranger/count/Sample_Y/outs/analysis/clustering/gene_expression_kmeans_6_clusters/clusters.csv",
                "cellranger/count/Sample_Y/outs/analysis/clustering/gene_expression_kmeans_7_clusters",
                "cellranger/count/Sample_Y/outs/analysis/clustering/gene_expression_kmeans_7_clusters/clusters.csv",
                "cellranger/count/Sample_Y/outs/analysis/clustering/gene_expression_kmeans_8_clusters",
                "cellranger/count/Sample_Y/outs/analysis/clustering/gene_expression_kmeans_8_clusters/clusters.csv",
                "cellranger/count/Sample_Y/outs/analysis/clustering/gene_expression_kmeans_9_clusters",
                "cellranger/count/Sample_Y/outs/analysis/clustering/gene_expression_kmeans_9_clusters/clusters.csv",
                "cellranger/count/Sample_Y/outs/analysis/diffexp",
                "cellranger/count/Sample_Y/outs/analysis/diffexp/gene_expression_graphclust",
                "cellranger/count/Sample_Y/outs/analysis/diffexp/gene_expression_graphclust/differential_expression.csv",
                "cellranger/count/Sample_Y/outs/analysis/diffexp/gene_expression_kmeans_10_clusters",
                "cellranger/count/Sample_Y/outs/analysis/diffexp/gene_expression_kmeans_10_clusters/differential_expression.csv",
                "cellranger/count/Sample_Y/outs/analysis/diffexp/gene_expression_kmeans_2_clusters",
                "cellranger/count/Sample_Y/outs/analysis/diffexp/gene_expression_kmeans_2_clusters/differential_expression.csv",
                "cellranger/count/Sample_Y/outs/analysis/diffexp/gene_expression_kmeans_3_clusters",
                "cellranger/count/Sample_Y/outs/analysis/diffexp/gene_expression_kmeans_3_clusters/differential_expression.csv",
                "cellranger/count/Sample_Y/outs/analysis/diffexp/gene_expression_kmeans_4_clusters",
                "cellranger/count/Sample_Y/outs/analysis/diffexp/gene_expression_kmeans_4_clusters/differential_expression.csv",
                "cellranger/count/Sample_Y/outs/analysis/diffexp/gene_expression_kmeans_5_clusters",
                "cellranger/count/Sample_Y/outs/analysis/diffexp/gene_expression_kmeans_5_clusters/differential_expression.csv",
                "cellranger/count/Sample_Y/outs/analysis/diffexp/gene_expression_kmeans_6_clusters",
                "cellranger/count/Sample_Y/outs/analysis/diffexp/gene_expression_kmeans_6_clusters/differential_expression.csv",
                "cellranger/count/Sample_Y/outs/analysis/diffexp/gene_expression_kmeans_7_clusters",
                "cellranger/count/Sample_Y/outs/analysis/diffexp/gene_expression_kmeans_7_clusters/differential_expression.csv",
                "cellranger/count/Sample_Y/outs/analysis/diffexp/gene_expression_kmeans_8_clusters",
                "cellranger/count/Sample_Y/outs/analysis/diffexp/gene_expression_kmeans_8_clusters/differential_expression.csv",
                "cellranger/count/Sample_Y/outs/analysis/diffexp/gene_expression_kmeans_9_clusters",
                "cellranger/count/Sample_Y/outs/analysis/diffexp/gene_expression_kmeans_9_clusters/differential_expression.csv",
                "cellranger/count/Sample_Y/outs/analysis/pca",
                "cellranger/count/Sample_Y/outs/analysis/pca/gene_expression_10_components",
                "cellranger/count/Sample_Y/outs/analysis/pca/gene_expression_10_components/components.csv",
                "cellranger/count/Sample_Y/outs/analysis/pca/gene_expression_10_components/dispersion.csv",
                "cellranger/count/Sample_Y/outs/analysis/pca/gene_expression_10_components/features_selected.csv",
                "cellranger/count/Sample_Y/outs/analysis/pca/gene_expression_10_components/projection.csv",
                "cellranger/count/Sample_Y/outs/analysis/pca/gene_expression_10_components/variance.csv",
                "cellranger/count/Sample_Y/outs/analysis/tsne",
                "cellranger/count/Sample_Y/outs/analysis/tsne/gene_expression_2_components",
                "cellranger/count/Sample_Y/outs/analysis/tsne/gene_expression_2_components/projection.csv",
                "cellranger/count/Sample_Y/outs/analysis/umap",
                "cellranger/count/Sample_Y/outs/analysis/umap/gene_expression_2_components",
                "cellranger/count/Sample_Y/outs/analysis/umap/gene_expression_2_components/projection.csv",
                "cellranger/count/Sample_Y/outs/cloupe.cloupe",
                "cellranger/count/Sample_Y/outs/filtered_feature_bc_matrix",
                "cellranger/count/Sample_Y/outs/filtered_feature_bc_matrix.h5",
                "cellranger/count/Sample_Y/outs/filtered_feature_bc_matrix/barcodes.tsv.gz",
                "cellranger/count/Sample_Y/outs/filtered_feature_bc_matrix/features.tsv.gz",
                "cellranger/count/Sample_Y/outs/filtered_feature_bc_matrix/matrix.mtx.gz",
                "cellranger/count/Sample_Y/outs/metrics_summary.csv",
                "cellranger/count/Sample_Y/outs/molecule_info.h5",
                "cellranger/count/Sample_Y/outs/possorted_genome_bam.bam",
                "cellranger/count/Sample_Y/outs/possorted_genome_bam.bam.bai",
                "cellranger/count/Sample_Y/outs/raw_feature_bc_matrix",
                "cellranger/count/Sample_Y/outs/raw_feature_bc_matrix.h5",
                "cellranger/count/Sample_Y/outs/raw_feature_bc_matrix/barcodes.tsv.gz",
                "cellranger/count/Sample_Y/outs/raw_feature_bc_matrix/features.tsv.gz",
                "cellranger/count/Sample_Y/outs/raw_feature_bc_matrix/matrix.mtx.gz",
                "cellranger/count/Sample_Y/outs/web_summary.html",
                "cellranger/mkgtf",
                "cellranger/mkgtf/GRCm38.p6.genome.chr19_genes.filtered.gtf",
                "cellranger/mkref",
                "cellranger/mkref/cellranger_reference",
                "cellranger/mkref/cellranger_reference/fasta",
                "cellranger/mkref/cellranger_reference/fasta/genome.fa",
                "cellranger/mkref/cellranger_reference/fasta/genome.fa.fai",
                "cellranger/mkref/cellranger_reference/genes",
                "cellranger/mkref/cellranger_reference/genes/genes.gtf.gz",
                "cellranger/mkref/cellranger_reference/reference.json",
                "cellranger/mkref/cellranger_reference/star",
                "cellranger/mkref/cellranger_reference/star/Genome",
                "cellranger/mkref/cellranger_reference/star/SA",
                "cellranger/mkref/cellranger_reference/star/SAindex",
                "cellranger/mkref/cellranger_reference/star/chrLength.txt",
                "cellranger/mkref/cellranger_reference/star/chrName.txt",
                "cellranger/mkref/cellranger_reference/star/chrNameLength.txt",
                "cellranger/mkref/cellranger_reference/star/chrStart.txt",
                "cellranger/mkref/cellranger_reference/star/exonGeTrInfo.tab",
                "cellranger/mkref/cellranger_reference/star/exonInfo.tab",
                "cellranger/mkref/cellranger_reference/star/geneInfo.tab",
                "cellranger/mkref/cellranger_reference/star/genomeParameters.txt",
                "cellranger/mkref/cellranger_reference/star/sjdbInfo.txt",
                "cellranger/mkref/cellranger_reference/star/sjdbList.fromGTF.out.tab",
                "cellranger/mkref/cellranger_reference/star/sjdbList.out.tab",
                "cellranger/mkref/cellranger_reference/star/transcriptInfo.tab",
                "cellranger/mtx_conversions",
                "cellranger/mtx_conversions/Sample_X",
                "cellranger/mtx_conversions/Sample_X/Sample_X_filtered_matrix.h5ad",
                "cellranger/mtx_conversions/Sample_X/Sample_X_filtered_matrix.sce.rds",
                "cellranger/mtx_conversions/Sample_X/Sample_X_filtered_matrix.seurat.rds",
                "cellranger/mtx_conversions/Sample_X/Sample_X_raw_matrix.h5ad",
                "cellranger/mtx_conversions/Sample_X/Sample_X_raw_matrix.sce.rds",
                "cellranger/mtx_conversions/Sample_X/Sample_X_raw_matrix.seurat.rds",
                "cellranger/mtx_conversions/Sample_Y",
                "cellranger/mtx_conversions/Sample_Y/Sample_Y_filtered_matrix.h5ad",
                "cellranger/mtx_conversions/Sample_Y/Sample_Y_filtered_matrix.sce.rds",
                "cellranger/mtx_conversions/Sample_Y/Sample_Y_filtered_matrix.seurat.rds",
                "cellranger/mtx_conversions/Sample_Y/Sample_Y_raw_matrix.h5ad",
                "cellranger/mtx_conversions/Sample_Y/Sample_Y_raw_matrix.sce.rds",
                "cellranger/mtx_conversions/Sample_Y/Sample_Y_raw_matrix.seurat.rds",
                "cellranger/mtx_conversions/combined_filtered_matrix.h5ad",
                "cellranger/mtx_conversions/combined_filtered_matrix.sce.rds",
                "cellranger/mtx_conversions/combined_filtered_matrix.seurat.rds",
                "cellranger/mtx_conversions/combined_raw_matrix.h5ad",
                "cellranger/mtx_conversions/combined_raw_matrix.sce.rds",
                "cellranger/mtx_conversions/combined_raw_matrix.seurat.rds",
                "fastqc",
                "fastqc/Sample_X_1_fastqc.html",
                "fastqc/Sample_X_1_fastqc.zip",
                "fastqc/Sample_X_2_fastqc.html",
                "fastqc/Sample_X_2_fastqc.zip",
                "fastqc/Sample_Y_1_fastqc.html",
                "fastqc/Sample_Y_1_fastqc.zip",
                "fastqc/Sample_Y_2_fastqc.html",
                "fastqc/Sample_Y_2_fastqc.zip",
                "fastqc/Sample_Y_3_fastqc.html",
                "fastqc/Sample_Y_3_fastqc.zip",
                "fastqc/Sample_Y_4_fastqc.html",
                "fastqc/Sample_Y_4_fastqc.zip",
                "multiqc",
                "multiqc/multiqc_data",
                "multiqc/multiqc_data/cellranger-count-stats-table.txt",
                "multiqc/multiqc_data/cellranger-count-warnings-table.txt",
                "multiqc/multiqc_data/fastqc-status-check-heatmap.txt",
                "multiqc/multiqc_data/fastqc_adapter_content_plot.txt",
                "multiqc/multiqc_data/fastqc_per_base_n_content_plot.txt",
                "multiqc/multiqc_data/fastqc_per_base_sequence_quality_plot.txt",
                "multiqc/multiqc_data/fastqc_per_sequence_gc_content_plot_Counts.txt",
                "multiqc/multiqc_data/fastqc_per_sequence_gc_content_plot_Percentages.txt",
                "multiqc/multiqc_data/fastqc_per_sequence_quality_scores_plot.txt",
                "multiqc/multiqc_data/fastqc_sequence_counts_plot.txt",
                "multiqc/multiqc_data/fastqc_sequence_duplication_levels_plot.txt",
                "multiqc/multiqc_data/fastqc_top_overrepresented_sequences_table.txt",
                "multiqc/multiqc_data/llms-full.txt",
                "multiqc/multiqc_data/mqc_cellranger_count_bc_knee.txt",
                "multiqc/multiqc_data/mqc_cellranger_count_genesXcell.txt",
                "multiqc/multiqc_data/mqc_cellranger_count_saturation.txt",
                "multiqc/multiqc_data/multiqc.log",
                "multiqc/multiqc_data/multiqc.parquet",
                "multiqc/multiqc_data/multiqc_cellranger_count.txt",
                "multiqc/multiqc_data/multiqc_citations.txt",
                "multiqc/multiqc_data/multiqc_data.json",
                "multiqc/multiqc_data/multiqc_fastqc.txt",
                "multiqc/multiqc_data/multiqc_general_stats.txt",
                "multiqc/multiqc_data/multiqc_software_versions.txt",
                "multiqc/multiqc_data/multiqc_sources.txt",
                "multiqc/multiqc_plots",
                "multiqc/multiqc_plots/pdf",
                "multiqc/multiqc_plots/pdf/cellranger-count-stats-table.pdf",
                "multiqc/multiqc_plots/pdf/cellranger-count-warnings-table.pdf",
                "multiqc/multiqc_plots/pdf/fastqc-status-check-heatmap.pdf",
                "multiqc/multiqc_plots/pdf/fastqc_adapter_content_plot.pdf",
                "multiqc/multiqc_plots/pdf/fastqc_per_base_n_content_plot.pdf",
                "multiqc/multiqc_plots/pdf/fastqc_per_base_sequence_quality_plot.pdf",
                "multiqc/multiqc_plots/pdf/fastqc_per_sequence_gc_content_plot_Counts.pdf",
                "multiqc/multiqc_plots/pdf/fastqc_per_sequence_gc_content_plot_Percentages.pdf",
                "multiqc/multiqc_plots/pdf/fastqc_per_sequence_quality_scores_plot.pdf",
                "multiqc/multiqc_plots/pdf/fastqc_sequence_counts_plot-cnt.pdf",
                "multiqc/multiqc_plots/pdf/fastqc_sequence_counts_plot-pct.pdf",
                "multiqc/multiqc_plots/pdf/fastqc_sequence_duplication_levels_plot.pdf",
                "multiqc/multiqc_plots/pdf/fastqc_top_overrepresented_sequences_table.pdf",
                "multiqc/multiqc_plots/pdf/mqc_cellranger_count_bc_knee.pdf",
                "multiqc/multiqc_plots/pdf/mqc_cellranger_count_genesXcell.pdf",
                "multiqc/multiqc_plots/pdf/mqc_cellranger_count_saturation.pdf",
                "multiqc/multiqc_plots/png",
                "multiqc/multiqc_plots/png/cellranger-count-stats-table.png",
                "multiqc/multiqc_plots/png/cellranger-count-warnings-table.png",
                "multiqc/multiqc_plots/png/fastqc-status-check-heatmap.png",
                "multiqc/multiqc_plots/png/fastqc_adapter_content_plot.png",
                "multiqc/multiqc_plots/png/fastqc_per_base_n_content_plot.png",
                "multiqc/multiqc_plots/png/fastqc_per_base_sequence_quality_plot.png",
                "multiqc/multiqc_plots/png/fastqc_per_sequence_gc_content_plot_Counts.png",
                "multiqc/multiqc_plots/png/fastqc_per_sequence_gc_content_plot_Percentages.png",
                "multiqc/multiqc_plots/png/fastqc_per_sequence_quality_scores_plot.png",
                "multiqc/multiqc_plots/png/fastqc_sequence_counts_plot-cnt.png",
                "multiqc/multiqc_plots/png/fastqc_sequence_counts_plot-pct.png",
                "multiqc/multiqc_plots/png/fastqc_sequence_duplication_levels_plot.png",
                "multiqc/multiqc_plots/png/fastqc_top_overrepresented_sequences_table.png",
                "multiqc/multiqc_plots/png/mqc_cellranger_count_bc_knee.png",
                "multiqc/multiqc_plots/png/mqc_cellranger_count_genesXcell.png",
                "multiqc/multiqc_plots/png/mqc_cellranger_count_saturation.png",
                "multiqc/multiqc_plots/svg",
                "multiqc/multiqc_plots/svg/cellranger-count-stats-table.svg",
                "multiqc/multiqc_plots/svg/cellranger-count-warnings-table.svg",
                "multiqc/multiqc_plots/svg/fastqc-status-check-heatmap.svg",
                "multiqc/multiqc_plots/svg/fastqc_adapter_content_plot.svg",
                "multiqc/multiqc_plots/svg/fastqc_per_base_n_content_plot.svg",
                "multiqc/multiqc_plots/svg/fastqc_per_base_sequence_quality_plot.svg",
                "multiqc/multiqc_plots/svg/fastqc_per_sequence_gc_content_plot_Counts.svg",
                "multiqc/multiqc_plots/svg/fastqc_per_sequence_gc_content_plot_Percentages.svg",
                "multiqc/multiqc_plots/svg/fastqc_per_sequence_quality_scores_plot.svg",
                "multiqc/multiqc_plots/svg/fastqc_sequence_counts_plot-cnt.svg",
                "multiqc/multiqc_plots/svg/fastqc_sequence_counts_plot-pct.svg",
                "multiqc/multiqc_plots/svg/fastqc_sequence_duplication_levels_plot.svg",
                "multiqc/multiqc_plots/svg/fastqc_top_overrepresented_sequences_table.svg",
                "multiqc/multiqc_plots/svg/mqc_cellranger_count_bc_knee.svg",
                "multiqc/multiqc_plots/svg/mqc_cellranger_count_genesXcell.svg",
                "multiqc/multiqc_plots/svg/mqc_cellranger_count_saturation.svg",
                "multiqc/multiqc_report.html",
                "pipeline_info",
                "pipeline_info/nf_core_scrnaseq_software_mqc_versions.yml"
            ],
            [
                "barcodes.tsv.gz:md5,fe6e51564b4405b37ca8604a844b1f2e",
                "features.tsv.gz:md5,99e453cb1443a3e43e99405184e51a5e",
                "matrix.mtx.gz:md5,53541adad167e7af8a1c2dcf36b5da00",
                "barcodes.tsv.gz:md5,85da6b6e0c78dfe81af8c07c2017ab5e",
                "features.tsv.gz:md5,99e453cb1443a3e43e99405184e51a5e",
                "matrix.mtx.gz:md5,398383fe8a29cdccdf23f036116d7a6c",
                "barcodes.tsv.gz:md5,77afe9a76631fc7b44236d3962a55aa5",
                "features.tsv.gz:md5,99e453cb1443a3e43e99405184e51a5e",
                "matrix.mtx.gz:md5,99faf91259889de6bd6dbafe9ae1cd25",
                "barcodes.tsv.gz:md5,081f72b5252ccaf5ffd535ffbd235c4c",
                "features.tsv.gz:md5,99e453cb1443a3e43e99405184e51a5e",
                "matrix.mtx.gz:md5,0d57e727d649efcd3fc6b4cd0067bfe0",
                "GRCm38.p6.genome.chr19_genes.filtered.gtf:md5,956caa7c851df640ded6c3f5f1a7cd41",
                "genome.fa:md5,ef1ae316990b7c77fd0baa0a89b75a6d",
                "genome.fa.fai:md5,729bb811dc9ababd5ee35029b8140f36",
                "genes.gtf.gz:md5,956caa7c851df640ded6c3f5f1a7cd41",
                "Genome:md5,638a41718215663f07fec2bf13fc9b0f",
                "SA:md5,965121db041500098de4325ad719f5df",
                "SAindex:md5,1d4c33e718f498c61083aa47aa9ace2c",
                "chrLength.txt:md5,42940dfa55c0d5616209409dfa66c7af",
                "chrName.txt:md5,255cdc5fefdc3ff84cfe3f3270ab8fed",
                "chrNameLength.txt:md5,be19927063141d55372bfad0396387e8",
                "chrStart.txt:md5,fba9f49cedf08a4136244d4b9b776c01",
                "exonGeTrInfo.tab:md5,2085f5652cfa698498efd221e00cbbb3",
                "exonInfo.tab:md5,2e4ebf0951ec59f54b402bf1541e68d3",
                "geneInfo.tab:md5,1b0b2c64da9c50809a3b34250b23a8de",
                "sjdbInfo.txt:md5,c83ad621dc14fe34c336d2164587df1a",
                "sjdbList.fromGTF.out.tab:md5,dffb9114a4b7dad0fa59bdf6c42b67e5",
                "sjdbList.out.tab:md5,f6228b2eb4d72dd461543af46d67c602",
                "transcriptInfo.tab:md5,7ac30e5301e5f3b98e9cfc51bff79b69",
                "Sample_X_filtered_matrix.h5ad:md5,6d96854e22cbcf8238b61e25d47d3bde",
                "Sample_X_filtered_matrix.sce.rds:md5,797244c2cd63f2b814f2a0cd6c3f080e",
                "Sample_X_filtered_matrix.seurat.rds:md5,847448239100d08e3ca44017f93ca05d",
                "Sample_X_raw_matrix.h5ad:md5,90727c59c741540a67eb286a96c07f05",
                "Sample_X_raw_matrix.sce.rds:md5,4bfef42037307e73f0135abb2373a21e",
                "Sample_X_raw_matrix.seurat.rds:md5,155faccf5164a5c56819b267dee0ebb1",
                "Sample_Y_filtered_matrix.h5ad:md5,b3bba7418b125baedc4e34a3f7b55597",
                "Sample_Y_filtered_matrix.sce.rds:md5,dcf9ce35fba58c2b04ca72703b483804",
                "Sample_Y_filtered_matrix.seurat.rds:md5,50e765e4559c94edd23b123f9232075f",
                "Sample_Y_raw_matrix.h5ad:md5,d5c3a30bcd4d8011eb5aa39ad0f1c286",
                "Sample_Y_raw_matrix.sce.rds:md5,061ab8ba3ed28e6312c0367a2a9dfeb3",
                "Sample_Y_raw_matrix.seurat.rds:md5,3f4a3e6529b10c646fd08173d5baa339",
                "cellranger-count-stats-table.txt:md5,b596a1ed25c8dba1ff3026db56dc5f5d",
                "cellranger-count-warnings-table.txt:md5,f257d0a84efc395072a517db643b7935",
                "fastqc-status-check-heatmap.txt:md5,d122badcaa647409c35a809e8a127f99",
                "fastqc_adapter_content_plot.txt:md5,25f2bf3896afee60c3af1c2d406adb2a",
                "fastqc_per_base_n_content_plot.txt:md5,87fa27ea81dfddbd03d17e9d62073464",
                "fastqc_per_base_sequence_quality_plot.txt:md5,10286297045c79d47254b472d64fe1b4",
                "fastqc_per_sequence_gc_content_plot_Counts.txt:md5,7e19e0d150b99698a97f1b06e164c81a",
                "fastqc_per_sequence_gc_content_plot_Percentages.txt:md5,c9b7817422c054b575a45d4065876809",
                "fastqc_per_sequence_quality_scores_plot.txt:md5,72ceb51a99080fd0fc5c9fe368f7b1fb",
                "fastqc_sequence_counts_plot.txt:md5,a3c8ef25c1126727391c2973a40ca7f7",
                "fastqc_sequence_duplication_levels_plot.txt:md5,10e456e57df8bcd738fe6a35d3a6c7cf",
                "mqc_cellranger_count_bc_knee.txt:md5,a4482a60b1d048a2d830505c766c8395",
                "mqc_cellranger_count_genesXcell.txt:md5,a691c27c313cb32203b42d678686243b",
                "mqc_cellranger_count_saturation.txt:md5,4ce68b5a0b43a212ca07d9592c4174c5",
                "multiqc_cellranger_count.txt:md5,997745b8a1015fc74ffbe8ec35056f8d",
                "multiqc_citations.txt:md5,db9f58c039af2923e06a61e46e82c015",
                "multiqc_fastqc.txt:md5,12027880857508ce5cedc3904a351730",
                "multiqc_general_stats.txt:md5,92a7a66e313e6ce2d13da53b501b5c0c"
            ]
        ],
        "meta": {
            "nf-test": "0.9.3",
            "nextflow": "25.10.0"
        },
        "timestamp": "2025-11-20T17:40:14.32703797"
    }
}