{
    "test-dataset_star_aligner": {
        "content": [
            {
                "stderr": [

                ],
                "errorReport": "",
                "exitStatus": 0,
                "failed": false,
                "stdout": [

                ],
                "errorMessage": "",
                "trace": {
                    "tasksFailed": 0,
                    "tasksCount": 12,
                    "tasksSucceeded": 12
                },
                "name": "workflow",
                "success": true
            },
            "Sample_X.SJ.out.tab:md5,d2d7f0abe38029012571bdf6622fc6eb",
            "Barcodes.stats:md5,7f99dc8aa5e074fbe5779ea7712c0886",
            "matrix.mtx.gz:md5,6a923393343aa1a69b0cf1bd998c9285",
            "features.tsv.gz:md5,99e453cb1443a3e43e99405184e51a5e",
            "barcodes.tsv.gz:md5,9a7dacaa1779ea43c1507a947fe6992a",
            "Sample_X_matrix.rds:md5,aa2d36dd8507aba864347c88e4ce0d27",
            "Sample_Y.SJ.out.tab:md5,98bd31104a860cf80119dc30d938d163",
            "Barcodes.stats:md5,2dbf1ae426c1afd97903ee001f0db5ce",
            "matrix.mtx.gz:md5,0ae080bd0002e350531a5816e159345e",
            "features.tsv.gz:md5,99e453cb1443a3e43e99405184e51a5e",
            "barcodes.tsv.gz:md5,9b695b0b91bcb146ec9c4688ca10a690",
            "Sample_Y_matrix.rds:md5,d459af8f99258bcc88b80b2f7c58e911"
        ],
        "timestamp": "2024-01-19T15:46:22.470527538"
    }
}
